Copyright 1986-2022 Xilinx, Inc. All Rights Reserved. Copyright 2022-2025 Advanced Micro Devices, Inc. All Rights Reserved.
---------------------------------------------------------------------------------------------------------------------------------------------
| Tool Version : Vivado v.2025.1 (win64) Build 6140274 Thu May 22 00:12:29 MDT 2025
| Date         : Fri Jul 31 15:14:05 2026
| Host         : mqy996 running 64-bit major release  (build 9200)
| Command      : report_drc -file D:/eeg_fpga/snn_hybrid_eeg/vivado/evidence_rebuild/run_20260731_attempt1/artifacts/drc_impl.rpt
| Design       : ax7020_ps7_base_wrapper
| Device       : xc7z020clg400-2
| Speed File   : -2
| Design State : Fully Routed
---------------------------------------------------------------------------------------------------------------------------------------------

Report DRC

Table of Contents
-----------------
1. REPORT SUMMARY
2. REPORT DETAILS

1. REPORT SUMMARY
-----------------
            Netlist: netlist
          Floorplan: impl_1
      Design limits: <entire design considered>
           Ruledeck: default
             Max checks: <unlimited>
             Checks found: 52
+--------+----------+------------------------+--------+
| Rule   | Severity | Description            | Checks |
+--------+----------+------------------------+--------+
| DPIP-1 | Warning  | Input pipelining       | 18     |
| DPOP-1 | Warning  | PREG Output pipelining | 17     |
| DPOP-2 | Warning  | MREG Output pipelining | 17     |
+--------+----------+------------------------+--------+

2. REPORT DETAILS
-----------------
DPIP-1#1 Warning
Input pipelining  
DSP ax7020_ps7_base_i/snn_axi_memory_window_0/inst/u_hls/grp_run_hybrid_lif_head_fu_28/grp_run_hybrid_lif_head_Pipeline_VITIS_LOOP_59_4_fu_382/trunc_ln_reg_207_reg input ax7020_ps7_base_i/snn_axi_memory_window_0/inst/u_hls/grp_run_hybrid_lif_head_fu_28/grp_run_hybrid_lif_head_Pipeline_VITIS_LOOP_59_4_fu_382/trunc_ln_reg_207_reg/A[29:0] is not pipelined. Pipelining DSP48 input will improve performance.
Related violations: <none>

DPIP-1#2 Warning
Input pipelining  
DSP ax7020_ps7_base_i/snn_axi_memory_window_0/inst/u_hls/grp_run_hybrid_lif_head_fu_28/grp_run_hybrid_lif_head_Pipeline_VITIS_LOOP_66_5_fu_389/mac_muladd_12s_7ns_18s_19_4_1_U30/hybrid_lif_head_q12_6_mac_muladd_12s_7ns_18s_19_4_1_DSP48_0_U/p_reg_reg input ax7020_ps7_base_i/snn_axi_memory_window_0/inst/u_hls/grp_run_hybrid_lif_head_fu_28/grp_run_hybrid_lif_head_Pipeline_VITIS_LOOP_66_5_fu_389/mac_muladd_12s_7ns_18s_19_4_1_U30/hybrid_lif_head_q12_6_mac_muladd_12s_7ns_18s_19_4_1_DSP48_0_U/p_reg_reg/C[47:0] is not pipelined. Pipelining DSP48 input will improve performance.
Related violations: <none>

DPIP-1#3 Warning
Input pipelining  
DSP ax7020_ps7_base_i/snn_axi_memory_window_0/inst/u_hls/grp_run_hybrid_lif_head_fu_28/grp_run_hybrid_lif_head_Pipeline_VITIS_LOOP_66_5_fu_389/mac_muladd_12s_7ns_18s_19_4_1_U31/hybrid_lif_head_q12_6_mac_muladd_12s_7ns_18s_19_4_1_DSP48_0_U/p_reg_reg input ax7020_ps7_base_i/snn_axi_memory_window_0/inst/u_hls/grp_run_hybrid_lif_head_fu_28/grp_run_hybrid_lif_head_Pipeline_VITIS_LOOP_66_5_fu_389/mac_muladd_12s_7ns_18s_19_4_1_U31/hybrid_lif_head_q12_6_mac_muladd_12s_7ns_18s_19_4_1_DSP48_0_U/p_reg_reg/C[47:0] is not pipelined. Pipelining DSP48 input will improve performance.
Related violations: <none>

DPIP-1#4 Warning
Input pipelining  
DSP ax7020_ps7_base_i/snn_axi_memory_window_0/inst/u_hls/grp_run_hybrid_lif_head_fu_28/grp_run_hybrid_lif_head_Pipeline_VITIS_LOOP_66_5_fu_389/mac_muladd_12s_7ns_18s_19_4_1_U32/hybrid_lif_head_q12_6_mac_muladd_12s_7ns_18s_19_4_1_DSP48_0_U/p_reg_reg input ax7020_ps7_base_i/snn_axi_memory_window_0/inst/u_hls/grp_run_hybrid_lif_head_fu_28/grp_run_hybrid_lif_head_Pipeline_VITIS_LOOP_66_5_fu_389/mac_muladd_12s_7ns_18s_19_4_1_U32/hybrid_lif_head_q12_6_mac_muladd_12s_7ns_18s_19_4_1_DSP48_0_U/p_reg_reg/C[47:0] is not pipelined. Pipelining DSP48 input will improve performance.
Related violations: <none>

DPIP-1#5 Warning
Input pipelining  
DSP ax7020_ps7_base_i/snn_axi_memory_window_0/inst/u_hls/grp_run_hybrid_lif_head_fu_28/grp_run_hybrid_lif_head_Pipeline_VITIS_LOOP_66_5_fu_389/mac_muladd_12s_7ns_18s_19_4_1_U33/hybrid_lif_head_q12_6_mac_muladd_12s_7ns_18s_19_4_1_DSP48_0_U/p_reg_reg input ax7020_ps7_base_i/snn_axi_memory_window_0/inst/u_hls/grp_run_hybrid_lif_head_fu_28/grp_run_hybrid_lif_head_Pipeline_VITIS_LOOP_66_5_fu_389/mac_muladd_12s_7ns_18s_19_4_1_U33/hybrid_lif_head_q12_6_mac_muladd_12s_7ns_18s_19_4_1_DSP48_0_U/p_reg_reg/C[47:0] is not pipelined. Pipelining DSP48 input will improve performance.
Related violations: <none>

DPIP-1#6 Warning
Input pipelining  
DSP ax7020_ps7_base_i/snn_axi_memory_window_0/inst/u_hls/grp_run_hybrid_lif_head_fu_28/grp_run_hybrid_lif_head_Pipeline_VITIS_LOOP_66_5_fu_389/mac_muladd_12s_7ns_18s_19_4_1_U34/hybrid_lif_head_q12_6_mac_muladd_12s_7ns_18s_19_4_1_DSP48_0_U/p_reg_reg input ax7020_ps7_base_i/snn_axi_memory_window_0/inst/u_hls/grp_run_hybrid_lif_head_fu_28/grp_run_hybrid_lif_head_Pipeline_VITIS_LOOP_66_5_fu_389/mac_muladd_12s_7ns_18s_19_4_1_U34/hybrid_lif_head_q12_6_mac_muladd_12s_7ns_18s_19_4_1_DSP48_0_U/p_reg_reg/C[47:0] is not pipelined. Pipelining DSP48 input will improve performance.
Related violations: <none>

DPIP-1#7 Warning
Input pipelining  
DSP ax7020_ps7_base_i/snn_axi_memory_window_0/inst/u_hls/grp_run_hybrid_lif_head_fu_28/grp_run_hybrid_lif_head_Pipeline_VITIS_LOOP_66_5_fu_389/mac_muladd_12s_7ns_18s_19_4_1_U35/hybrid_lif_head_q12_6_mac_muladd_12s_7ns_18s_19_4_1_DSP48_0_U/p_reg_reg input ax7020_ps7_base_i/snn_axi_memory_window_0/inst/u_hls/grp_run_hybrid_lif_head_fu_28/grp_run_hybrid_lif_head_Pipeline_VITIS_LOOP_66_5_fu_389/mac_muladd_12s_7ns_18s_19_4_1_U35/hybrid_lif_head_q12_6_mac_muladd_12s_7ns_18s_19_4_1_DSP48_0_U/p_reg_reg/C[47:0] is not pipelined. Pipelining DSP48 input will improve performance.
Related violations: <none>

DPIP-1#8 Warning
Input pipelining  
DSP ax7020_ps7_base_i/snn_axi_memory_window_0/inst/u_hls/grp_run_hybrid_lif_head_fu_28/grp_run_hybrid_lif_head_Pipeline_VITIS_LOOP_66_5_fu_389/mac_muladd_12s_7ns_18s_19_4_1_U36/hybrid_lif_head_q12_6_mac_muladd_12s_7ns_18s_19_4_1_DSP48_0_U/p_reg_reg input ax7020_ps7_base_i/snn_axi_memory_window_0/inst/u_hls/grp_run_hybrid_lif_head_fu_28/grp_run_hybrid_lif_head_Pipeline_VITIS_LOOP_66_5_fu_389/mac_muladd_12s_7ns_18s_19_4_1_U36/hybrid_lif_head_q12_6_mac_muladd_12s_7ns_18s_19_4_1_DSP48_0_U/p_reg_reg/C[47:0] is not pipelined. Pipelining DSP48 input will improve performance.
Related violations: <none>

DPIP-1#9 Warning
Input pipelining  
DSP ax7020_ps7_base_i/snn_axi_memory_window_0/inst/u_hls/grp_run_hybrid_lif_head_fu_28/grp_run_hybrid_lif_head_Pipeline_VITIS_LOOP_66_5_fu_389/mac_muladd_12s_7ns_18s_19_4_1_U37/hybrid_lif_head_q12_6_mac_muladd_12s_7ns_18s_19_4_1_DSP48_0_U/p_reg_reg input ax7020_ps7_base_i/snn_axi_memory_window_0/inst/u_hls/grp_run_hybrid_lif_head_fu_28/grp_run_hybrid_lif_head_Pipeline_VITIS_LOOP_66_5_fu_389/mac_muladd_12s_7ns_18s_19_4_1_U37/hybrid_lif_head_q12_6_mac_muladd_12s_7ns_18s_19_4_1_DSP48_0_U/p_reg_reg/C[47:0] is not pipelined. Pipelining DSP48 input will improve performance.
Related violations: <none>

DPIP-1#10 Warning
Input pipelining  
DSP ax7020_ps7_base_i/snn_axi_memory_window_0/inst/u_hls/grp_run_hybrid_lif_head_fu_28/grp_run_hybrid_lif_head_Pipeline_VITIS_LOOP_66_5_fu_389/mac_muladd_12s_7ns_18s_19_4_1_U38/hybrid_lif_head_q12_6_mac_muladd_12s_7ns_18s_19_4_1_DSP48_0_U/p_reg_reg input ax7020_ps7_base_i/snn_axi_memory_window_0/inst/u_hls/grp_run_hybrid_lif_head_fu_28/grp_run_hybrid_lif_head_Pipeline_VITIS_LOOP_66_5_fu_389/mac_muladd_12s_7ns_18s_19_4_1_U38/hybrid_lif_head_q12_6_mac_muladd_12s_7ns_18s_19_4_1_DSP48_0_U/p_reg_reg/C[47:0] is not pipelined. Pipelining DSP48 input will improve performance.
Related violations: <none>

DPIP-1#11 Warning
Input pipelining  
DSP ax7020_ps7_base_i/snn_axi_memory_window_0/inst/u_hls/grp_run_hybrid_lif_head_fu_28/grp_run_hybrid_lif_head_Pipeline_VITIS_LOOP_66_5_fu_389/mac_muladd_12s_7ns_18s_19_4_1_U39/hybrid_lif_head_q12_6_mac_muladd_12s_7ns_18s_19_4_1_DSP48_0_U/p_reg_reg input ax7020_ps7_base_i/snn_axi_memory_window_0/inst/u_hls/grp_run_hybrid_lif_head_fu_28/grp_run_hybrid_lif_head_Pipeline_VITIS_LOOP_66_5_fu_389/mac_muladd_12s_7ns_18s_19_4_1_U39/hybrid_lif_head_q12_6_mac_muladd_12s_7ns_18s_19_4_1_DSP48_0_U/p_reg_reg/C[47:0] is not pipelined. Pipelining DSP48 input will improve performance.
Related violations: <none>

DPIP-1#12 Warning
Input pipelining  
DSP ax7020_ps7_base_i/snn_axi_memory_window_0/inst/u_hls/grp_run_hybrid_lif_head_fu_28/grp_run_hybrid_lif_head_Pipeline_VITIS_LOOP_66_5_fu_389/mac_muladd_12s_7ns_18s_19_4_1_U40/hybrid_lif_head_q12_6_mac_muladd_12s_7ns_18s_19_4_1_DSP48_0_U/p_reg_reg input ax7020_ps7_base_i/snn_axi_memory_window_0/inst/u_hls/grp_run_hybrid_lif_head_fu_28/grp_run_hybrid_lif_head_Pipeline_VITIS_LOOP_66_5_fu_389/mac_muladd_12s_7ns_18s_19_4_1_U40/hybrid_lif_head_q12_6_mac_muladd_12s_7ns_18s_19_4_1_DSP48_0_U/p_reg_reg/C[47:0] is not pipelined. Pipelining DSP48 input will improve performance.
Related violations: <none>

DPIP-1#13 Warning
Input pipelining  
DSP ax7020_ps7_base_i/snn_axi_memory_window_0/inst/u_hls/grp_run_hybrid_lif_head_fu_28/grp_run_hybrid_lif_head_Pipeline_VITIS_LOOP_66_5_fu_389/mac_muladd_12s_7ns_18s_19_4_1_U41/hybrid_lif_head_q12_6_mac_muladd_12s_7ns_18s_19_4_1_DSP48_0_U/p_reg_reg input ax7020_ps7_base_i/snn_axi_memory_window_0/inst/u_hls/grp_run_hybrid_lif_head_fu_28/grp_run_hybrid_lif_head_Pipeline_VITIS_LOOP_66_5_fu_389/mac_muladd_12s_7ns_18s_19_4_1_U41/hybrid_lif_head_q12_6_mac_muladd_12s_7ns_18s_19_4_1_DSP48_0_U/p_reg_reg/C[47:0] is not pipelined. Pipelining DSP48 input will improve performance.
Related violations: <none>

DPIP-1#14 Warning
Input pipelining  
DSP ax7020_ps7_base_i/snn_axi_memory_window_0/inst/u_hls/grp_run_hybrid_lif_head_fu_28/grp_run_hybrid_lif_head_Pipeline_VITIS_LOOP_66_5_fu_389/mac_muladd_12s_7ns_18s_19_4_1_U42/hybrid_lif_head_q12_6_mac_muladd_12s_7ns_18s_19_4_1_DSP48_0_U/p_reg_reg input ax7020_ps7_base_i/snn_axi_memory_window_0/inst/u_hls/grp_run_hybrid_lif_head_fu_28/grp_run_hybrid_lif_head_Pipeline_VITIS_LOOP_66_5_fu_389/mac_muladd_12s_7ns_18s_19_4_1_U42/hybrid_lif_head_q12_6_mac_muladd_12s_7ns_18s_19_4_1_DSP48_0_U/p_reg_reg/C[47:0] is not pipelined. Pipelining DSP48 input will improve performance.
Related violations: <none>

DPIP-1#15 Warning
Input pipelining  
DSP ax7020_ps7_base_i/snn_axi_memory_window_0/inst/u_hls/grp_run_hybrid_lif_head_fu_28/grp_run_hybrid_lif_head_Pipeline_VITIS_LOOP_66_5_fu_389/mac_muladd_12s_7ns_18s_19_4_1_U43/hybrid_lif_head_q12_6_mac_muladd_12s_7ns_18s_19_4_1_DSP48_0_U/p_reg_reg input ax7020_ps7_base_i/snn_axi_memory_window_0/inst/u_hls/grp_run_hybrid_lif_head_fu_28/grp_run_hybrid_lif_head_Pipeline_VITIS_LOOP_66_5_fu_389/mac_muladd_12s_7ns_18s_19_4_1_U43/hybrid_lif_head_q12_6_mac_muladd_12s_7ns_18s_19_4_1_DSP48_0_U/p_reg_reg/C[47:0] is not pipelined. Pipelining DSP48 input will improve performance.
Related violations: <none>

DPIP-1#16 Warning
Input pipelining  
DSP ax7020_ps7_base_i/snn_axi_memory_window_0/inst/u_hls/grp_run_hybrid_lif_head_fu_28/grp_run_hybrid_lif_head_Pipeline_VITIS_LOOP_66_5_fu_389/mac_muladd_12s_7ns_18s_19_4_1_U44/hybrid_lif_head_q12_6_mac_muladd_12s_7ns_18s_19_4_1_DSP48_0_U/p_reg_reg input ax7020_ps7_base_i/snn_axi_memory_window_0/inst/u_hls/grp_run_hybrid_lif_head_fu_28/grp_run_hybrid_lif_head_Pipeline_VITIS_LOOP_66_5_fu_389/mac_muladd_12s_7ns_18s_19_4_1_U44/hybrid_lif_head_q12_6_mac_muladd_12s_7ns_18s_19_4_1_DSP48_0_U/p_reg_reg/C[47:0] is not pipelined. Pipelining DSP48 input will improve performance.
Related violations: <none>

DPIP-1#17 Warning
Input pipelining  
DSP ax7020_ps7_base_i/snn_axi_memory_window_0/inst/u_hls/grp_run_hybrid_lif_head_fu_28/grp_run_hybrid_lif_head_Pipeline_VITIS_LOOP_66_5_fu_389/mac_muladd_12s_7ns_18s_19_4_1_U45/hybrid_lif_head_q12_6_mac_muladd_12s_7ns_18s_19_4_1_DSP48_0_U/p_reg_reg input ax7020_ps7_base_i/snn_axi_memory_window_0/inst/u_hls/grp_run_hybrid_lif_head_fu_28/grp_run_hybrid_lif_head_Pipeline_VITIS_LOOP_66_5_fu_389/mac_muladd_12s_7ns_18s_19_4_1_U45/hybrid_lif_head_q12_6_mac_muladd_12s_7ns_18s_19_4_1_DSP48_0_U/p_reg_reg/C[47:0] is not pipelined. Pipelining DSP48 input will improve performance.
Related violations: <none>

DPIP-1#18 Warning
Input pipelining  
DSP ax7020_ps7_base_i/snn_axi_memory_window_0/inst/u_hls/grp_run_hybrid_lif_head_fu_28/grp_run_hybrid_lif_head_Pipeline_VITIS_LOOP_66_5_fu_389/mul_12s_7ns_18_1_1_U14/tmp_product input ax7020_ps7_base_i/snn_axi_memory_window_0/inst/u_hls/grp_run_hybrid_lif_head_fu_28/grp_run_hybrid_lif_head_Pipeline_VITIS_LOOP_66_5_fu_389/mul_12s_7ns_18_1_1_U14/tmp_product/A[29:0] is not pipelined. Pipelining DSP48 input will improve performance.
Related violations: <none>

DPOP-1#1 Warning
PREG Output pipelining  
DSP ax7020_ps7_base_i/snn_axi_memory_window_0/inst/u_hls/grp_run_hybrid_lif_head_fu_28/grp_run_hybrid_lif_head_Pipeline_VITIS_LOOP_36_2_VITIS_LOOP_37_3_fu_373/mul_16s_7ns_22_1_1_U3/tmp_product output ax7020_ps7_base_i/snn_axi_memory_window_0/inst/u_hls/grp_run_hybrid_lif_head_fu_28/grp_run_hybrid_lif_head_Pipeline_VITIS_LOOP_36_2_VITIS_LOOP_37_3_fu_373/mul_16s_7ns_22_1_1_U3/tmp_product/P[47:0] is not pipelined (PREG=0). Pipelining the DSP48 output will improve performance and often saves power so it is suggested whenever possible to fully pipeline this function.  If this DSP48 function was inferred, it is suggested to describe an additional register stage after this function.  If the DSP48 was instantiated in the design, it is suggested to set the PREG attribute to 1.
Related violations: <none>

DPOP-1#2 Warning
PREG Output pipelining  
DSP ax7020_ps7_base_i/snn_axi_memory_window_0/inst/u_hls/grp_run_hybrid_lif_head_fu_28/grp_run_hybrid_lif_head_Pipeline_VITIS_LOOP_66_5_fu_389/mul_12s_7ns_18_1_1_U14/tmp_product output ax7020_ps7_base_i/snn_axi_memory_window_0/inst/u_hls/grp_run_hybrid_lif_head_fu_28/grp_run_hybrid_lif_head_Pipeline_VITIS_LOOP_66_5_fu_389/mul_12s_7ns_18_1_1_U14/tmp_product/P[47:0] is not pipelined (PREG=0). Pipelining the DSP48 output will improve performance and often saves power so it is suggested whenever possible to fully pipeline this function.  If this DSP48 function was inferred, it is suggested to describe an additional register stage after this function.  If the DSP48 was instantiated in the design, it is suggested to set the PREG attribute to 1.
Related violations: <none>

DPOP-1#3 Warning
PREG Output pipelining  
DSP ax7020_ps7_base_i/snn_axi_memory_window_0/inst/u_hls/grp_run_hybrid_lif_head_fu_28/grp_run_hybrid_lif_head_Pipeline_VITIS_LOOP_66_5_fu_389/mul_12s_7ns_18_1_1_U15/tmp_product output ax7020_ps7_base_i/snn_axi_memory_window_0/inst/u_hls/grp_run_hybrid_lif_head_fu_28/grp_run_hybrid_lif_head_Pipeline_VITIS_LOOP_66_5_fu_389/mul_12s_7ns_18_1_1_U15/tmp_product/P[47:0] is not pipelined (PREG=0). Pipelining the DSP48 output will improve performance and often saves power so it is suggested whenever possible to fully pipeline this function.  If this DSP48 function was inferred, it is suggested to describe an additional register stage after this function.  If the DSP48 was instantiated in the design, it is suggested to set the PREG attribute to 1.
Related violations: <none>

DPOP-1#4 Warning
PREG Output pipelining  
DSP ax7020_ps7_base_i/snn_axi_memory_window_0/inst/u_hls/grp_run_hybrid_lif_head_fu_28/grp_run_hybrid_lif_head_Pipeline_VITIS_LOOP_66_5_fu_389/mul_12s_7ns_18_1_1_U16/tmp_product output ax7020_ps7_base_i/snn_axi_memory_window_0/inst/u_hls/grp_run_hybrid_lif_head_fu_28/grp_run_hybrid_lif_head_Pipeline_VITIS_LOOP_66_5_fu_389/mul_12s_7ns_18_1_1_U16/tmp_product/P[47:0] is not pipelined (PREG=0). Pipelining the DSP48 output will improve performance and often saves power so it is suggested whenever possible to fully pipeline this function.  If this DSP48 function was inferred, it is suggested to describe an additional register stage after this function.  If the DSP48 was instantiated in the design, it is suggested to set the PREG attribute to 1.
Related violations: <none>

DPOP-1#5 Warning
PREG Output pipelining  
DSP ax7020_ps7_base_i/snn_axi_memory_window_0/inst/u_hls/grp_run_hybrid_lif_head_fu_28/grp_run_hybrid_lif_head_Pipeline_VITIS_LOOP_66_5_fu_389/mul_12s_7ns_18_1_1_U17/tmp_product output ax7020_ps7_base_i/snn_axi_memory_window_0/inst/u_hls/grp_run_hybrid_lif_head_fu_28/grp_run_hybrid_lif_head_Pipeline_VITIS_LOOP_66_5_fu_389/mul_12s_7ns_18_1_1_U17/tmp_product/P[47:0] is not pipelined (PREG=0). Pipelining the DSP48 output will improve performance and often saves power so it is suggested whenever possible to fully pipeline this function.  If this DSP48 function was inferred, it is suggested to describe an additional register stage after this function.  If the DSP48 was instantiated in the design, it is suggested to set the PREG attribute to 1.
Related violations: <none>

DPOP-1#6 Warning
PREG Output pipelining  
DSP ax7020_ps7_base_i/snn_axi_memory_window_0/inst/u_hls/grp_run_hybrid_lif_head_fu_28/grp_run_hybrid_lif_head_Pipeline_VITIS_LOOP_66_5_fu_389/mul_12s_7ns_18_1_1_U18/tmp_product output ax7020_ps7_base_i/snn_axi_memory_window_0/inst/u_hls/grp_run_hybrid_lif_head_fu_28/grp_run_hybrid_lif_head_Pipeline_VITIS_LOOP_66_5_fu_389/mul_12s_7ns_18_1_1_U18/tmp_product/P[47:0] is not pipelined (PREG=0). Pipelining the DSP48 output will improve performance and often saves power so it is suggested whenever possible to fully pipeline this function.  If this DSP48 function was inferred, it is suggested to describe an additional register stage after this function.  If the DSP48 was instantiated in the design, it is suggested to set the PREG attribute to 1.
Related violations: <none>

DPOP-1#7 Warning
PREG Output pipelining  
DSP ax7020_ps7_base_i/snn_axi_memory_window_0/inst/u_hls/grp_run_hybrid_lif_head_fu_28/grp_run_hybrid_lif_head_Pipeline_VITIS_LOOP_66_5_fu_389/mul_12s_7ns_18_1_1_U19/tmp_product output ax7020_ps7_base_i/snn_axi_memory_window_0/inst/u_hls/grp_run_hybrid_lif_head_fu_28/grp_run_hybrid_lif_head_Pipeline_VITIS_LOOP_66_5_fu_389/mul_12s_7ns_18_1_1_U19/tmp_product/P[47:0] is not pipelined (PREG=0). Pipelining the DSP48 output will improve performance and often saves power so it is suggested whenever possible to fully pipeline this function.  If this DSP48 function was inferred, it is suggested to describe an additional register stage after this function.  If the DSP48 was instantiated in the design, it is suggested to set the PREG attribute to 1.
Related violations: <none>

DPOP-1#8 Warning
PREG Output pipelining  
DSP ax7020_ps7_base_i/snn_axi_memory_window_0/inst/u_hls/grp_run_hybrid_lif_head_fu_28/grp_run_hybrid_lif_head_Pipeline_VITIS_LOOP_66_5_fu_389/mul_12s_7ns_18_1_1_U20/tmp_product output ax7020_ps7_base_i/snn_axi_memory_window_0/inst/u_hls/grp_run_hybrid_lif_head_fu_28/grp_run_hybrid_lif_head_Pipeline_VITIS_LOOP_66_5_fu_389/mul_12s_7ns_18_1_1_U20/tmp_product/P[47:0] is not pipelined (PREG=0). Pipelining the DSP48 output will improve performance and often saves power so it is suggested whenever possible to fully pipeline this function.  If this DSP48 function was inferred, it is suggested to describe an additional register stage after this function.  If the DSP48 was instantiated in the design, it is suggested to set the PREG attribute to 1.
Related violations: <none>

DPOP-1#9 Warning
PREG Output pipelining  
DSP ax7020_ps7_base_i/snn_axi_memory_window_0/inst/u_hls/grp_run_hybrid_lif_head_fu_28/grp_run_hybrid_lif_head_Pipeline_VITIS_LOOP_66_5_fu_389/mul_12s_7ns_18_1_1_U21/tmp_product output ax7020_ps7_base_i/snn_axi_memory_window_0/inst/u_hls/grp_run_hybrid_lif_head_fu_28/grp_run_hybrid_lif_head_Pipeline_VITIS_LOOP_66_5_fu_389/mul_12s_7ns_18_1_1_U21/tmp_product/P[47:0] is not pipelined (PREG=0). Pipelining the DSP48 output will improve performance and often saves power so it is suggested whenever possible to fully pipeline this function.  If this DSP48 function was inferred, it is suggested to describe an additional register stage after this function.  If the DSP48 was instantiated in the design, it is suggested to set the PREG attribute to 1.
Related violations: <none>

DPOP-1#10 Warning
PREG Output pipelining  
DSP ax7020_ps7_base_i/snn_axi_memory_window_0/inst/u_hls/grp_run_hybrid_lif_head_fu_28/grp_run_hybrid_lif_head_Pipeline_VITIS_LOOP_66_5_fu_389/mul_12s_7ns_18_1_1_U22/tmp_product output ax7020_ps7_base_i/snn_axi_memory_window_0/inst/u_hls/grp_run_hybrid_lif_head_fu_28/grp_run_hybrid_lif_head_Pipeline_VITIS_LOOP_66_5_fu_389/mul_12s_7ns_18_1_1_U22/tmp_product/P[47:0] is not pipelined (PREG=0). Pipelining the DSP48 output will improve performance and often saves power so it is suggested whenever possible to fully pipeline this function.  If this DSP48 function was inferred, it is suggested to describe an additional register stage after this function.  If the DSP48 was instantiated in the design, it is suggested to set the PREG attribute to 1.
Related violations: <none>

DPOP-1#11 Warning
PREG Output pipelining  
DSP ax7020_ps7_base_i/snn_axi_memory_window_0/inst/u_hls/grp_run_hybrid_lif_head_fu_28/grp_run_hybrid_lif_head_Pipeline_VITIS_LOOP_66_5_fu_389/mul_12s_7ns_18_1_1_U23/tmp_product output ax7020_ps7_base_i/snn_axi_memory_window_0/inst/u_hls/grp_run_hybrid_lif_head_fu_28/grp_run_hybrid_lif_head_Pipeline_VITIS_LOOP_66_5_fu_389/mul_12s_7ns_18_1_1_U23/tmp_product/P[47:0] is not pipelined (PREG=0). Pipelining the DSP48 output will improve performance and often saves power so it is suggested whenever possible to fully pipeline this function.  If this DSP48 function was inferred, it is suggested to describe an additional register stage after this function.  If the DSP48 was instantiated in the design, it is suggested to set the PREG attribute to 1.
Related violations: <none>

DPOP-1#12 Warning
PREG Output pipelining  
DSP ax7020_ps7_base_i/snn_axi_memory_window_0/inst/u_hls/grp_run_hybrid_lif_head_fu_28/grp_run_hybrid_lif_head_Pipeline_VITIS_LOOP_66_5_fu_389/mul_12s_7ns_18_1_1_U24/tmp_product output ax7020_ps7_base_i/snn_axi_memory_window_0/inst/u_hls/grp_run_hybrid_lif_head_fu_28/grp_run_hybrid_lif_head_Pipeline_VITIS_LOOP_66_5_fu_389/mul_12s_7ns_18_1_1_U24/tmp_product/P[47:0] is not pipelined (PREG=0). Pipelining the DSP48 output will improve performance and often saves power so it is suggested whenever possible to fully pipeline this function.  If this DSP48 function was inferred, it is suggested to describe an additional register stage after this function.  If the DSP48 was instantiated in the design, it is suggested to set the PREG attribute to 1.
Related violations: <none>

DPOP-1#13 Warning
PREG Output pipelining  
DSP ax7020_ps7_base_i/snn_axi_memory_window_0/inst/u_hls/grp_run_hybrid_lif_head_fu_28/grp_run_hybrid_lif_head_Pipeline_VITIS_LOOP_66_5_fu_389/mul_12s_7ns_18_1_1_U25/tmp_product output ax7020_ps7_base_i/snn_axi_memory_window_0/inst/u_hls/grp_run_hybrid_lif_head_fu_28/grp_run_hybrid_lif_head_Pipeline_VITIS_LOOP_66_5_fu_389/mul_12s_7ns_18_1_1_U25/tmp_product/P[47:0] is not pipelined (PREG=0). Pipelining the DSP48 output will improve performance and often saves power so it is suggested whenever possible to fully pipeline this function.  If this DSP48 function was inferred, it is suggested to describe an additional register stage after this function.  If the DSP48 was instantiated in the design, it is suggested to set the PREG attribute to 1.
Related violations: <none>

DPOP-1#14 Warning
PREG Output pipelining  
DSP ax7020_ps7_base_i/snn_axi_memory_window_0/inst/u_hls/grp_run_hybrid_lif_head_fu_28/grp_run_hybrid_lif_head_Pipeline_VITIS_LOOP_66_5_fu_389/mul_12s_7ns_18_1_1_U26/tmp_product output ax7020_ps7_base_i/snn_axi_memory_window_0/inst/u_hls/grp_run_hybrid_lif_head_fu_28/grp_run_hybrid_lif_head_Pipeline_VITIS_LOOP_66_5_fu_389/mul_12s_7ns_18_1_1_U26/tmp_product/P[47:0] is not pipelined (PREG=0). Pipelining the DSP48 output will improve performance and often saves power so it is suggested whenever possible to fully pipeline this function.  If this DSP48 function was inferred, it is suggested to describe an additional register stage after this function.  If the DSP48 was instantiated in the design, it is suggested to set the PREG attribute to 1.
Related violations: <none>

DPOP-1#15 Warning
PREG Output pipelining  
DSP ax7020_ps7_base_i/snn_axi_memory_window_0/inst/u_hls/grp_run_hybrid_lif_head_fu_28/grp_run_hybrid_lif_head_Pipeline_VITIS_LOOP_66_5_fu_389/mul_12s_7ns_18_1_1_U27/tmp_product output ax7020_ps7_base_i/snn_axi_memory_window_0/inst/u_hls/grp_run_hybrid_lif_head_fu_28/grp_run_hybrid_lif_head_Pipeline_VITIS_LOOP_66_5_fu_389/mul_12s_7ns_18_1_1_U27/tmp_product/P[47:0] is not pipelined (PREG=0). Pipelining the DSP48 output will improve performance and often saves power so it is suggested whenever possible to fully pipeline this function.  If this DSP48 function was inferred, it is suggested to describe an additional register stage after this function.  If the DSP48 was instantiated in the design, it is suggested to set the PREG attribute to 1.
Related violations: <none>

DPOP-1#16 Warning
PREG Output pipelining  
DSP ax7020_ps7_base_i/snn_axi_memory_window_0/inst/u_hls/grp_run_hybrid_lif_head_fu_28/grp_run_hybrid_lif_head_Pipeline_VITIS_LOOP_66_5_fu_389/mul_12s_7ns_18_1_1_U28/tmp_product output ax7020_ps7_base_i/snn_axi_memory_window_0/inst/u_hls/grp_run_hybrid_lif_head_fu_28/grp_run_hybrid_lif_head_Pipeline_VITIS_LOOP_66_5_fu_389/mul_12s_7ns_18_1_1_U28/tmp_product/P[47:0] is not pipelined (PREG=0). Pipelining the DSP48 output will improve performance and often saves power so it is suggested whenever possible to fully pipeline this function.  If this DSP48 function was inferred, it is suggested to describe an additional register stage after this function.  If the DSP48 was instantiated in the design, it is suggested to set the PREG attribute to 1.
Related violations: <none>

DPOP-1#17 Warning
PREG Output pipelining  
DSP ax7020_ps7_base_i/snn_axi_memory_window_0/inst/u_hls/grp_run_hybrid_lif_head_fu_28/grp_run_hybrid_lif_head_Pipeline_VITIS_LOOP_66_5_fu_389/mul_12s_7ns_18_1_1_U29/tmp_product output ax7020_ps7_base_i/snn_axi_memory_window_0/inst/u_hls/grp_run_hybrid_lif_head_fu_28/grp_run_hybrid_lif_head_Pipeline_VITIS_LOOP_66_5_fu_389/mul_12s_7ns_18_1_1_U29/tmp_product/P[47:0] is not pipelined (PREG=0). Pipelining the DSP48 output will improve performance and often saves power so it is suggested whenever possible to fully pipeline this function.  If this DSP48 function was inferred, it is suggested to describe an additional register stage after this function.  If the DSP48 was instantiated in the design, it is suggested to set the PREG attribute to 1.
Related violations: <none>

DPOP-2#1 Warning
MREG Output pipelining  
DSP ax7020_ps7_base_i/snn_axi_memory_window_0/inst/u_hls/grp_run_hybrid_lif_head_fu_28/grp_run_hybrid_lif_head_Pipeline_VITIS_LOOP_36_2_VITIS_LOOP_37_3_fu_373/mul_16s_7ns_22_1_1_U3/tmp_product multiplier stage ax7020_ps7_base_i/snn_axi_memory_window_0/inst/u_hls/grp_run_hybrid_lif_head_fu_28/grp_run_hybrid_lif_head_Pipeline_VITIS_LOOP_36_2_VITIS_LOOP_37_3_fu_373/mul_16s_7ns_22_1_1_U3/tmp_product/P[47:0] is not pipelined (MREG=0). Pipelining the multiplier function will improve performance and will save significant power so it is suggested whenever possible to fully pipeline this function.  If this multiplier was inferred, it is suggested to describe an additional register stage after this function.  If there is no registered adder/accumulator following the multiply function, two pipeline stages are suggested to allow both the MREG and PREG registers to be used.  If the DSP48 was instantiated in the design, it is suggested to set both the MREG and PREG attributes to 1 when performing multiply functions.
Related violations: <none>

DPOP-2#2 Warning
MREG Output pipelining  
DSP ax7020_ps7_base_i/snn_axi_memory_window_0/inst/u_hls/grp_run_hybrid_lif_head_fu_28/grp_run_hybrid_lif_head_Pipeline_VITIS_LOOP_66_5_fu_389/mul_12s_7ns_18_1_1_U14/tmp_product multiplier stage ax7020_ps7_base_i/snn_axi_memory_window_0/inst/u_hls/grp_run_hybrid_lif_head_fu_28/grp_run_hybrid_lif_head_Pipeline_VITIS_LOOP_66_5_fu_389/mul_12s_7ns_18_1_1_U14/tmp_product/P[47:0] is not pipelined (MREG=0). Pipelining the multiplier function will improve performance and will save significant power so it is suggested whenever possible to fully pipeline this function.  If this multiplier was inferred, it is suggested to describe an additional register stage after this function.  If there is no registered adder/accumulator following the multiply function, two pipeline stages are suggested to allow both the MREG and PREG registers to be used.  If the DSP48 was instantiated in the design, it is suggested to set both the MREG and PREG attributes to 1 when performing multiply functions.
Related violations: <none>

DPOP-2#3 Warning
MREG Output pipelining  
DSP ax7020_ps7_base_i/snn_axi_memory_window_0/inst/u_hls/grp_run_hybrid_lif_head_fu_28/grp_run_hybrid_lif_head_Pipeline_VITIS_LOOP_66_5_fu_389/mul_12s_7ns_18_1_1_U15/tmp_product multiplier stage ax7020_ps7_base_i/snn_axi_memory_window_0/inst/u_hls/grp_run_hybrid_lif_head_fu_28/grp_run_hybrid_lif_head_Pipeline_VITIS_LOOP_66_5_fu_389/mul_12s_7ns_18_1_1_U15/tmp_product/P[47:0] is not pipelined (MREG=0). Pipelining the multiplier function will improve performance and will save significant power so it is suggested whenever possible to fully pipeline this function.  If this multiplier was inferred, it is suggested to describe an additional register stage after this function.  If there is no registered adder/accumulator following the multiply function, two pipeline stages are suggested to allow both the MREG and PREG registers to be used.  If the DSP48 was instantiated in the design, it is suggested to set both the MREG and PREG attributes to 1 when performing multiply functions.
Related violations: <none>

DPOP-2#4 Warning
MREG Output pipelining  
DSP ax7020_ps7_base_i/snn_axi_memory_window_0/inst/u_hls/grp_run_hybrid_lif_head_fu_28/grp_run_hybrid_lif_head_Pipeline_VITIS_LOOP_66_5_fu_389/mul_12s_7ns_18_1_1_U16/tmp_product multiplier stage ax7020_ps7_base_i/snn_axi_memory_window_0/inst/u_hls/grp_run_hybrid_lif_head_fu_28/grp_run_hybrid_lif_head_Pipeline_VITIS_LOOP_66_5_fu_389/mul_12s_7ns_18_1_1_U16/tmp_product/P[47:0] is not pipelined (MREG=0). Pipelining the multiplier function will improve performance and will save significant power so it is suggested whenever possible to fully pipeline this function.  If this multiplier was inferred, it is suggested to describe an additional register stage after this function.  If there is no registered adder/accumulator following the multiply function, two pipeline stages are suggested to allow both the MREG and PREG registers to be used.  If the DSP48 was instantiated in the design, it is suggested to set both the MREG and PREG attributes to 1 when performing multiply functions.
Related violations: <none>

DPOP-2#5 Warning
MREG Output pipelining  
DSP ax7020_ps7_base_i/snn_axi_memory_window_0/inst/u_hls/grp_run_hybrid_lif_head_fu_28/grp_run_hybrid_lif_head_Pipeline_VITIS_LOOP_66_5_fu_389/mul_12s_7ns_18_1_1_U17/tmp_product multiplier stage ax7020_ps7_base_i/snn_axi_memory_window_0/inst/u_hls/grp_run_hybrid_lif_head_fu_28/grp_run_hybrid_lif_head_Pipeline_VITIS_LOOP_66_5_fu_389/mul_12s_7ns_18_1_1_U17/tmp_product/P[47:0] is not pipelined (MREG=0). Pipelining the multiplier function will improve performance and will save significant power so it is suggested whenever possible to fully pipeline this function.  If this multiplier was inferred, it is suggested to describe an additional register stage after this function.  If there is no registered adder/accumulator following the multiply function, two pipeline stages are suggested to allow both the MREG and PREG registers to be used.  If the DSP48 was instantiated in the design, it is suggested to set both the MREG and PREG attributes to 1 when performing multiply functions.
Related violations: <none>

DPOP-2#6 Warning
MREG Output pipelining  
DSP ax7020_ps7_base_i/snn_axi_memory_window_0/inst/u_hls/grp_run_hybrid_lif_head_fu_28/grp_run_hybrid_lif_head_Pipeline_VITIS_LOOP_66_5_fu_389/mul_12s_7ns_18_1_1_U18/tmp_product multiplier stage ax7020_ps7_base_i/snn_axi_memory_window_0/inst/u_hls/grp_run_hybrid_lif_head_fu_28/grp_run_hybrid_lif_head_Pipeline_VITIS_LOOP_66_5_fu_389/mul_12s_7ns_18_1_1_U18/tmp_product/P[47:0] is not pipelined (MREG=0). Pipelining the multiplier function will improve performance and will save significant power so it is suggested whenever possible to fully pipeline this function.  If this multiplier was inferred, it is suggested to describe an additional register stage after this function.  If there is no registered adder/accumulator following the multiply function, two pipeline stages are suggested to allow both the MREG and PREG registers to be used.  If the DSP48 was instantiated in the design, it is suggested to set both the MREG and PREG attributes to 1 when performing multiply functions.
Related violations: <none>

DPOP-2#7 Warning
MREG Output pipelining  
DSP ax7020_ps7_base_i/snn_axi_memory_window_0/inst/u_hls/grp_run_hybrid_lif_head_fu_28/grp_run_hybrid_lif_head_Pipeline_VITIS_LOOP_66_5_fu_389/mul_12s_7ns_18_1_1_U19/tmp_product multiplier stage ax7020_ps7_base_i/snn_axi_memory_window_0/inst/u_hls/grp_run_hybrid_lif_head_fu_28/grp_run_hybrid_lif_head_Pipeline_VITIS_LOOP_66_5_fu_389/mul_12s_7ns_18_1_1_U19/tmp_product/P[47:0] is not pipelined (MREG=0). Pipelining the multiplier function will improve performance and will save significant power so it is suggested whenever possible to fully pipeline this function.  If this multiplier was inferred, it is suggested to describe an additional register stage after this function.  If there is no registered adder/accumulator following the multiply function, two pipeline stages are suggested to allow both the MREG and PREG registers to be used.  If the DSP48 was instantiated in the design, it is suggested to set both the MREG and PREG attributes to 1 when performing multiply functions.
Related violations: <none>

DPOP-2#8 Warning
MREG Output pipelining  
DSP ax7020_ps7_base_i/snn_axi_memory_window_0/inst/u_hls/grp_run_hybrid_lif_head_fu_28/grp_run_hybrid_lif_head_Pipeline_VITIS_LOOP_66_5_fu_389/mul_12s_7ns_18_1_1_U20/tmp_product multiplier stage ax7020_ps7_base_i/snn_axi_memory_window_0/inst/u_hls/grp_run_hybrid_lif_head_fu_28/grp_run_hybrid_lif_head_Pipeline_VITIS_LOOP_66_5_fu_389/mul_12s_7ns_18_1_1_U20/tmp_product/P[47:0] is not pipelined (MREG=0). Pipelining the multiplier function will improve performance and will save significant power so it is suggested whenever possible to fully pipeline this function.  If this multiplier was inferred, it is suggested to describe an additional register stage after this function.  If there is no registered adder/accumulator following the multiply function, two pipeline stages are suggested to allow both the MREG and PREG registers to be used.  If the DSP48 was instantiated in the design, it is suggested to set both the MREG and PREG attributes to 1 when performing multiply functions.
Related violations: <none>

DPOP-2#9 Warning
MREG Output pipelining  
DSP ax7020_ps7_base_i/snn_axi_memory_window_0/inst/u_hls/grp_run_hybrid_lif_head_fu_28/grp_run_hybrid_lif_head_Pipeline_VITIS_LOOP_66_5_fu_389/mul_12s_7ns_18_1_1_U21/tmp_product multiplier stage ax7020_ps7_base_i/snn_axi_memory_window_0/inst/u_hls/grp_run_hybrid_lif_head_fu_28/grp_run_hybrid_lif_head_Pipeline_VITIS_LOOP_66_5_fu_389/mul_12s_7ns_18_1_1_U21/tmp_product/P[47:0] is not pipelined (MREG=0). Pipelining the multiplier function will improve performance and will save significant power so it is suggested whenever possible to fully pipeline this function.  If this multiplier was inferred, it is suggested to describe an additional register stage after this function.  If there is no registered adder/accumulator following the multiply function, two pipeline stages are suggested to allow both the MREG and PREG registers to be used.  If the DSP48 was instantiated in the design, it is suggested to set both the MREG and PREG attributes to 1 when performing multiply functions.
Related violations: <none>

DPOP-2#10 Warning
MREG Output pipelining  
DSP ax7020_ps7_base_i/snn_axi_memory_window_0/inst/u_hls/grp_run_hybrid_lif_head_fu_28/grp_run_hybrid_lif_head_Pipeline_VITIS_LOOP_66_5_fu_389/mul_12s_7ns_18_1_1_U22/tmp_product multiplier stage ax7020_ps7_base_i/snn_axi_memory_window_0/inst/u_hls/grp_run_hybrid_lif_head_fu_28/grp_run_hybrid_lif_head_Pipeline_VITIS_LOOP_66_5_fu_389/mul_12s_7ns_18_1_1_U22/tmp_product/P[47:0] is not pipelined (MREG=0). Pipelining the multiplier function will improve performance and will save significant power so it is suggested whenever possible to fully pipeline this function.  If this multiplier was inferred, it is suggested to describe an additional register stage after this function.  If there is no registered adder/accumulator following the multiply function, two pipeline stages are suggested to allow both the MREG and PREG registers to be used.  If the DSP48 was instantiated in the design, it is suggested to set both the MREG and PREG attributes to 1 when performing multiply functions.
Related violations: <none>

DPOP-2#11 Warning
MREG Output pipelining  
DSP ax7020_ps7_base_i/snn_axi_memory_window_0/inst/u_hls/grp_run_hybrid_lif_head_fu_28/grp_run_hybrid_lif_head_Pipeline_VITIS_LOOP_66_5_fu_389/mul_12s_7ns_18_1_1_U23/tmp_product multiplier stage ax7020_ps7_base_i/snn_axi_memory_window_0/inst/u_hls/grp_run_hybrid_lif_head_fu_28/grp_run_hybrid_lif_head_Pipeline_VITIS_LOOP_66_5_fu_389/mul_12s_7ns_18_1_1_U23/tmp_product/P[47:0] is not pipelined (MREG=0). Pipelining the multiplier function will improve performance and will save significant power so it is suggested whenever possible to fully pipeline this function.  If this multiplier was inferred, it is suggested to describe an additional register stage after this function.  If there is no registered adder/accumulator following the multiply function, two pipeline stages are suggested to allow both the MREG and PREG registers to be used.  If the DSP48 was instantiated in the design, it is suggested to set both the MREG and PREG attributes to 1 when performing multiply functions.
Related violations: <none>

DPOP-2#12 Warning
MREG Output pipelining  
DSP ax7020_ps7_base_i/snn_axi_memory_window_0/inst/u_hls/grp_run_hybrid_lif_head_fu_28/grp_run_hybrid_lif_head_Pipeline_VITIS_LOOP_66_5_fu_389/mul_12s_7ns_18_1_1_U24/tmp_product multiplier stage ax7020_ps7_base_i/snn_axi_memory_window_0/inst/u_hls/grp_run_hybrid_lif_head_fu_28/grp_run_hybrid_lif_head_Pipeline_VITIS_LOOP_66_5_fu_389/mul_12s_7ns_18_1_1_U24/tmp_product/P[47:0] is not pipelined (MREG=0). Pipelining the multiplier function will improve performance and will save significant power so it is suggested whenever possible to fully pipeline this function.  If this multiplier was inferred, it is suggested to describe an additional register stage after this function.  If there is no registered adder/accumulator following the multiply function, two pipeline stages are suggested to allow both the MREG and PREG registers to be used.  If the DSP48 was instantiated in the design, it is suggested to set both the MREG and PREG attributes to 1 when performing multiply functions.
Related violations: <none>

DPOP-2#13 Warning
MREG Output pipelining  
DSP ax7020_ps7_base_i/snn_axi_memory_window_0/inst/u_hls/grp_run_hybrid_lif_head_fu_28/grp_run_hybrid_lif_head_Pipeline_VITIS_LOOP_66_5_fu_389/mul_12s_7ns_18_1_1_U25/tmp_product multiplier stage ax7020_ps7_base_i/snn_axi_memory_window_0/inst/u_hls/grp_run_hybrid_lif_head_fu_28/grp_run_hybrid_lif_head_Pipeline_VITIS_LOOP_66_5_fu_389/mul_12s_7ns_18_1_1_U25/tmp_product/P[47:0] is not pipelined (MREG=0). Pipelining the multiplier function will improve performance and will save significant power so it is suggested whenever possible to fully pipeline this function.  If this multiplier was inferred, it is suggested to describe an additional register stage after this function.  If there is no registered adder/accumulator following the multiply function, two pipeline stages are suggested to allow both the MREG and PREG registers to be used.  If the DSP48 was instantiated in the design, it is suggested to set both the MREG and PREG attributes to 1 when performing multiply functions.
Related violations: <none>

DPOP-2#14 Warning
MREG Output pipelining  
DSP ax7020_ps7_base_i/snn_axi_memory_window_0/inst/u_hls/grp_run_hybrid_lif_head_fu_28/grp_run_hybrid_lif_head_Pipeline_VITIS_LOOP_66_5_fu_389/mul_12s_7ns_18_1_1_U26/tmp_product multiplier stage ax7020_ps7_base_i/snn_axi_memory_window_0/inst/u_hls/grp_run_hybrid_lif_head_fu_28/grp_run_hybrid_lif_head_Pipeline_VITIS_LOOP_66_5_fu_389/mul_12s_7ns_18_1_1_U26/tmp_product/P[47:0] is not pipelined (MREG=0). Pipelining the multiplier function will improve performance and will save significant power so it is suggested whenever possible to fully pipeline this function.  If this multiplier was inferred, it is suggested to describe an additional register stage after this function.  If there is no registered adder/accumulator following the multiply function, two pipeline stages are suggested to allow both the MREG and PREG registers to be used.  If the DSP48 was instantiated in the design, it is suggested to set both the MREG and PREG attributes to 1 when performing multiply functions.
Related violations: <none>

DPOP-2#15 Warning
MREG Output pipelining  
DSP ax7020_ps7_base_i/snn_axi_memory_window_0/inst/u_hls/grp_run_hybrid_lif_head_fu_28/grp_run_hybrid_lif_head_Pipeline_VITIS_LOOP_66_5_fu_389/mul_12s_7ns_18_1_1_U27/tmp_product multiplier stage ax7020_ps7_base_i/snn_axi_memory_window_0/inst/u_hls/grp_run_hybrid_lif_head_fu_28/grp_run_hybrid_lif_head_Pipeline_VITIS_LOOP_66_5_fu_389/mul_12s_7ns_18_1_1_U27/tmp_product/P[47:0] is not pipelined (MREG=0). Pipelining the multiplier function will improve performance and will save significant power so it is suggested whenever possible to fully pipeline this function.  If this multiplier was inferred, it is suggested to describe an additional register stage after this function.  If there is no registered adder/accumulator following the multiply function, two pipeline stages are suggested to allow both the MREG and PREG registers to be used.  If the DSP48 was instantiated in the design, it is suggested to set both the MREG and PREG attributes to 1 when performing multiply functions.
Related violations: <none>

DPOP-2#16 Warning
MREG Output pipelining  
DSP ax7020_ps7_base_i/snn_axi_memory_window_0/inst/u_hls/grp_run_hybrid_lif_head_fu_28/grp_run_hybrid_lif_head_Pipeline_VITIS_LOOP_66_5_fu_389/mul_12s_7ns_18_1_1_U28/tmp_product multiplier stage ax7020_ps7_base_i/snn_axi_memory_window_0/inst/u_hls/grp_run_hybrid_lif_head_fu_28/grp_run_hybrid_lif_head_Pipeline_VITIS_LOOP_66_5_fu_389/mul_12s_7ns_18_1_1_U28/tmp_product/P[47:0] is not pipelined (MREG=0). Pipelining the multiplier function will improve performance and will save significant power so it is suggested whenever possible to fully pipeline this function.  If this multiplier was inferred, it is suggested to describe an additional register stage after this function.  If there is no registered adder/accumulator following the multiply function, two pipeline stages are suggested to allow both the MREG and PREG registers to be used.  If the DSP48 was instantiated in the design, it is suggested to set both the MREG and PREG attributes to 1 when performing multiply functions.
Related violations: <none>

DPOP-2#17 Warning
MREG Output pipelining  
DSP ax7020_ps7_base_i/snn_axi_memory_window_0/inst/u_hls/grp_run_hybrid_lif_head_fu_28/grp_run_hybrid_lif_head_Pipeline_VITIS_LOOP_66_5_fu_389/mul_12s_7ns_18_1_1_U29/tmp_product multiplier stage ax7020_ps7_base_i/snn_axi_memory_window_0/inst/u_hls/grp_run_hybrid_lif_head_fu_28/grp_run_hybrid_lif_head_Pipeline_VITIS_LOOP_66_5_fu_389/mul_12s_7ns_18_1_1_U29/tmp_product/P[47:0] is not pipelined (MREG=0). Pipelining the multiplier function will improve performance and will save significant power so it is suggested whenever possible to fully pipeline this function.  If this multiplier was inferred, it is suggested to describe an additional register stage after this function.  If there is no registered adder/accumulator following the multiply function, two pipeline stages are suggested to allow both the MREG and PREG registers to be used.  If the DSP48 was instantiated in the design, it is suggested to set both the MREG and PREG attributes to 1 when performing multiply functions.
Related violations: <none>


