Copyright 1986-2022 Xilinx, Inc. All Rights Reserved. Copyright 2022-2025 Advanced Micro Devices, Inc. All Rights Reserved.
------------------------------------------------------------------------------------------------------------------------------------------------
| Tool Version : Vivado v.2025.1 (win64) Build 6140274 Thu May 22 00:12:29 MDT 2025
| Date         : Fri Jul 31 15:13:54 2026
| Host         : mqy996 running 64-bit major release  (build 9200)
| Command      : report_timing_summary -file D:/eeg_fpga/snn_hybrid_eeg/vivado/evidence_rebuild/run_20260731_attempt1/artifacts/timing_impl.rpt
| Design       : ax7020_ps7_base_wrapper
| Device       : 7z020-clg400
| Speed File   : -2  PRODUCTION 1.12 2019-11-22
| Design State : Routed
------------------------------------------------------------------------------------------------------------------------------------------------

Timing Summary Report

------------------------------------------------------------------------------------------------
| Timer Settings
| --------------
------------------------------------------------------------------------------------------------

  Enable Multi Corner Analysis               :  Yes
  Enable Pessimism Removal                   :  Yes
  Pessimism Removal Resolution               :  Nearest Common Node
  Enable Input Delay Default Clock           :  No
  Enable Preset / Clear Arcs                 :  No
  Disable Flight Delays                      :  No
  Ignore I/O Paths                           :  No
  Timing Early Launch at Borrowing Latches   :  No
  Borrow Time for Max Delay Exceptions       :  Yes
  Merge Timing Exceptions                    :  Yes
  Inter-SLR Compensation                     :  Conservative

  Corner  Analyze    Analyze    
  Name    Max Paths  Min Paths  
  ------  ---------  ---------  
  Slow    Yes        Yes        
  Fast    Yes        Yes        


------------------------------------------------------------------------------------------------
| Report Methodology
| ------------------
------------------------------------------------------------------------------------------------

Rule      Severity  Description                                  Violations  
--------  --------  -------------------------------------------  ----------  
ULMTCS-1  Warning   Control Sets use limits recommend reduction  1           

Note: This report is based on the most recent report_methodology run and may not be up-to-date. Run report_methodology on the current design for the latest report.



check_timing report

Table of Contents
-----------------
1. checking no_clock (0)
2. checking constant_clock (0)
3. checking pulse_width_clock (0)
4. checking unconstrained_internal_endpoints (0)
5. checking no_input_delay (0)
6. checking no_output_delay (0)
7. checking multiple_clock (0)
8. checking generated_clocks (0)
9. checking loops (0)
10. checking partial_input_delay (0)
11. checking partial_output_delay (0)
12. checking latch_loops (0)

1. checking no_clock (0)
------------------------
 There are 0 register/latch pins with no clock.


2. checking constant_clock (0)
------------------------------
 There are 0 register/latch pins with constant_clock.


3. checking pulse_width_clock (0)
---------------------------------
 There are 0 register/latch pins which need pulse_width check


4. checking unconstrained_internal_endpoints (0)
------------------------------------------------
 There are 0 pins that are not constrained for maximum delay.

 There are 0 pins that are not constrained for maximum delay due to constant clock.


5. checking no_input_delay (0)
------------------------------
 There are 0 input ports with no input delay specified.

 There are 0 input ports with no input delay but user has a false path constraint.


6. checking no_output_delay (0)
-------------------------------
 There are 0 ports with no output delay specified.

 There are 0 ports with no output delay but user has a false path constraint

 There are 0 ports with no output delay but with a timing clock defined on it or propagating through it


7. checking multiple_clock (0)
------------------------------
 There are 0 register/latch pins with multiple clocks.


8. checking generated_clocks (0)
--------------------------------
 There are 0 generated clocks that are not connected to a clock source.


9. checking loops (0)
---------------------
 There are 0 combinational loops in the design.


10. checking partial_input_delay (0)
------------------------------------
 There are 0 input ports with partial input delay specified.


11. checking partial_output_delay (0)
-------------------------------------
 There are 0 ports with partial output delay specified.


12. checking latch_loops (0)
----------------------------
 There are 0 combinational latch loops in the design through latch input



------------------------------------------------------------------------------------------------
| Design Timing Summary
| ---------------------
------------------------------------------------------------------------------------------------

    WNS(ns)      TNS(ns)  TNS Failing Endpoints  TNS Total Endpoints      WHS(ns)      THS(ns)  THS Failing Endpoints  THS Total Endpoints     WPWS(ns)     TPWS(ns)  TPWS Failing Endpoints  TPWS Total Endpoints  
    -------      -------  ---------------------  -------------------      -------      -------  ---------------------  -------------------     --------     --------  ----------------------  --------------------  
      4.776        0.000                      0                63815        0.072        0.000                      0                63815        8.870        0.000                       0                 21171  


All user specified timing constraints are met.


------------------------------------------------------------------------------------------------
| Clock Summary
| -------------
------------------------------------------------------------------------------------------------

Clock       Waveform(ns)       Period(ns)      Frequency(MHz)
-----       ------------       ----------      --------------
clk_fpga_0  {0.000 10.000}     20.000          50.000          


------------------------------------------------------------------------------------------------
| Intra Clock Table
| -----------------
------------------------------------------------------------------------------------------------

Clock             WNS(ns)      TNS(ns)  TNS Failing Endpoints  TNS Total Endpoints      WHS(ns)      THS(ns)  THS Failing Endpoints  THS Total Endpoints     WPWS(ns)     TPWS(ns)  TPWS Failing Endpoints  TPWS Total Endpoints  
-----             -------      -------  ---------------------  -------------------      -------      -------  ---------------------  -------------------     --------     --------  ----------------------  --------------------  
clk_fpga_0          4.776        0.000                      0                63815        0.072        0.000                      0                63815        8.870        0.000                       0                 21171  


------------------------------------------------------------------------------------------------
| Inter Clock Table
| -----------------
------------------------------------------------------------------------------------------------

From Clock    To Clock          WNS(ns)      TNS(ns)  TNS Failing Endpoints  TNS Total Endpoints      WHS(ns)      THS(ns)  THS Failing Endpoints  THS Total Endpoints  
----------    --------          -------      -------  ---------------------  -------------------      -------      -------  ---------------------  -------------------  


------------------------------------------------------------------------------------------------
| Other Path Groups Table
| -----------------------
------------------------------------------------------------------------------------------------

Path Group    From Clock    To Clock          WNS(ns)      TNS(ns)  TNS Failing Endpoints  TNS Total Endpoints      WHS(ns)      THS(ns)  THS Failing Endpoints  THS Total Endpoints  
----------    ----------    --------          -------      -------  ---------------------  -------------------      -------      -------  ---------------------  -------------------  


------------------------------------------------------------------------------------------------
| Timing Details
| --------------
------------------------------------------------------------------------------------------------


---------------------------------------------------------------------------------------------------
From Clock:  clk_fpga_0
  To Clock:  clk_fpga_0

Setup :            0  Failing Endpoints,  Worst Slack        4.776ns,  Total Violation        0.000ns
Hold  :            0  Failing Endpoints,  Worst Slack        0.072ns,  Total Violation        0.000ns
PW    :            0  Failing Endpoints,  Worst Slack        8.870ns,  Total Violation        0.000ns
---------------------------------------------------------------------------------------------------


Max Delay Paths
--------------------------------------------------------------------------------------
Slack (MET) :             4.776ns  (required time - arrival time)
  Source:                 ax7020_ps7_base_i/snn_axi_memory_window_0/inst/feature_addr_q_reg[2]_rep__2/C
                            (rising edge-triggered cell FDRE clocked by clk_fpga_0  {rise@0.000ns fall@10.000ns period=20.000ns})
  Destination:            ax7020_ps7_base_i/snn_axi_memory_window_0/inst/u_hls/grp_run_hybrid_lif_head_fu_28/membrane_U/ram_reg_0_31_6_11/RAMA/I
                            (rising edge-triggered cell RAMD32 clocked by clk_fpga_0  {rise@0.000ns fall@10.000ns period=20.000ns})
  Path Group:             clk_fpga_0
  Path Type:              Setup (Max at Slow Process Corner)
  Requirement:            20.000ns  (clk_fpga_0 rise@20.000ns - clk_fpga_0 rise@0.000ns)
  Data Path Delay:        14.652ns  (logic 3.245ns (22.147%)  route 11.407ns (77.853%))
  Logic Levels:           14  (CARRY4=3 LUT4=2 LUT5=1 LUT6=3 MUXF7=3 MUXF8=2)
  Clock Path Skew:        -0.136ns (DCD - SCD + CPR)
    Destination Clock Delay (DCD):    2.286ns = ( 22.286 - 20.000 ) 
    Source Clock Delay      (SCD):    2.519ns
    Clock Pessimism Removal (CPR):    0.097ns
  Clock Uncertainty:      0.302ns  ((TSJ^2 + TIJ^2)^1/2 + DJ) / 2 + PE
    Total System Jitter     (TSJ):    0.071ns
    Total Input Jitter      (TIJ):    0.600ns
    Discrete Jitter          (DJ):    0.000ns
    Phase Error              (PE):    0.000ns

    Location             Delay type                Incr(ns)  Path(ns)    Netlist Resource(s)
  -------------------------------------------------------------------    -------------------
                         (clock clk_fpga_0 rise edge)
                                                      0.000     0.000 r  
    PS7_X0Y0             PS7                          0.000     0.000 r  ax7020_ps7_base_i/processing_system7_0/inst/PS7_i/FCLKCLK[0]
                         net (fo=1, routed)           0.994     0.994    ax7020_ps7_base_i/processing_system7_0/inst/FCLK_CLK_unbuffered[0]
    BUFGCTRL_X0Y16       BUFG (Prop_bufg_I_O)         0.085     1.079 r  ax7020_ps7_base_i/processing_system7_0/inst/buffer_fclk_clk_0.FCLK_CLK_0_BUFG/O
                         net (fo=21172, routed)       1.440     2.519    ax7020_ps7_base_i/snn_axi_memory_window_0/inst/s_axi_aclk
    SLICE_X56Y92         FDRE                                         r  ax7020_ps7_base_i/snn_axi_memory_window_0/inst/feature_addr_q_reg[2]_rep__2/C
  -------------------------------------------------------------------    -------------------
    SLICE_X56Y92         FDRE (Prop_fdre_C_Q)         0.379     2.898 r  ax7020_ps7_base_i/snn_axi_memory_window_0/inst/feature_addr_q_reg[2]_rep__2/Q
                         net (fo=128, routed)         3.243     6.141    ax7020_ps7_base_i/snn_axi_memory_window_0/inst/u_hls/grp_run_hybrid_lif_head_fu_28/grp_run_hybrid_lif_head_Pipeline_VITIS_LOOP_36_2_VITIS_LOOP_37_3_fu_373/updated_fu_392_p2_carry_i_442_0
    SLICE_X108Y142       MUXF7 (Prop_muxf7_S_O)       0.259     6.400 r  ax7020_ps7_base_i/snn_axi_memory_window_0/inst/u_hls/grp_run_hybrid_lif_head_fu_28/grp_run_hybrid_lif_head_Pipeline_VITIS_LOOP_36_2_VITIS_LOOP_37_3_fu_373/updated_fu_392_p2_carry_i_999/O
                         net (fo=1, routed)           0.000     6.400    ax7020_ps7_base_i/snn_axi_memory_window_0/inst/u_hls/grp_run_hybrid_lif_head_fu_28/grp_run_hybrid_lif_head_Pipeline_VITIS_LOOP_36_2_VITIS_LOOP_37_3_fu_373/updated_fu_392_p2_carry_i_999_n_0
    SLICE_X108Y142       MUXF8 (Prop_muxf8_I0_O)      0.082     6.482 r  ax7020_ps7_base_i/snn_axi_memory_window_0/inst/u_hls/grp_run_hybrid_lif_head_fu_28/grp_run_hybrid_lif_head_Pipeline_VITIS_LOOP_36_2_VITIS_LOOP_37_3_fu_373/updated_fu_392_p2_carry_i_415/O
                         net (fo=1, routed)           1.549     8.030    ax7020_ps7_base_i/snn_axi_memory_window_0/inst/u_hls/grp_run_hybrid_lif_head_fu_28/grp_run_hybrid_lif_head_Pipeline_VITIS_LOOP_36_2_VITIS_LOOP_37_3_fu_373/updated_fu_392_p2_carry_i_415_n_0
    SLICE_X87Y130        LUT6 (Prop_lut6_I0_O)        0.259     8.289 r  ax7020_ps7_base_i/snn_axi_memory_window_0/inst/u_hls/grp_run_hybrid_lif_head_fu_28/grp_run_hybrid_lif_head_Pipeline_VITIS_LOOP_36_2_VITIS_LOOP_37_3_fu_373/updated_fu_392_p2_carry_i_157/O
                         net (fo=1, routed)           0.000     8.289    ax7020_ps7_base_i/snn_axi_memory_window_0/inst/u_hls/grp_run_hybrid_lif_head_fu_28/grp_run_hybrid_lif_head_Pipeline_VITIS_LOOP_36_2_VITIS_LOOP_37_3_fu_373/updated_fu_392_p2_carry_i_157_n_0
    SLICE_X87Y130        MUXF7 (Prop_muxf7_I0_O)      0.178     8.467 r  ax7020_ps7_base_i/snn_axi_memory_window_0/inst/u_hls/grp_run_hybrid_lif_head_fu_28/grp_run_hybrid_lif_head_Pipeline_VITIS_LOOP_36_2_VITIS_LOOP_37_3_fu_373/updated_fu_392_p2_carry_i_66/O
                         net (fo=1, routed)           0.000     8.467    ax7020_ps7_base_i/snn_axi_memory_window_0/inst/u_hls/grp_run_hybrid_lif_head_fu_28/grp_run_hybrid_lif_head_Pipeline_VITIS_LOOP_36_2_VITIS_LOOP_37_3_fu_373/updated_fu_392_p2_carry_i_66_n_0
    SLICE_X87Y130        MUXF8 (Prop_muxf8_I1_O)      0.079     8.546 r  ax7020_ps7_base_i/snn_axi_memory_window_0/inst/u_hls/grp_run_hybrid_lif_head_fu_28/grp_run_hybrid_lif_head_Pipeline_VITIS_LOOP_36_2_VITIS_LOOP_37_3_fu_373/updated_fu_392_p2_carry_i_25/O
                         net (fo=1, routed)           2.656    11.202    ax7020_ps7_base_i/snn_axi_memory_window_0/inst/u_hls/grp_run_hybrid_lif_head_fu_28/grp_run_hybrid_lif_head_Pipeline_VITIS_LOOP_36_2_VITIS_LOOP_37_3_fu_373/updated_fu_392_p2_carry_i_25_n_0
    SLICE_X54Y81         LUT6 (Prop_lut6_I1_O)        0.264    11.466 r  ax7020_ps7_base_i/snn_axi_memory_window_0/inst/u_hls/grp_run_hybrid_lif_head_fu_28/grp_run_hybrid_lif_head_Pipeline_VITIS_LOOP_36_2_VITIS_LOOP_37_3_fu_373/updated_fu_392_p2_carry_i_10/O
                         net (fo=1, routed)           0.000    11.466    ax7020_ps7_base_i/snn_axi_memory_window_0/inst/u_hls/grp_run_hybrid_lif_head_fu_28/grp_run_hybrid_lif_head_Pipeline_VITIS_LOOP_36_2_VITIS_LOOP_37_3_fu_373/updated_fu_392_p2_carry_i_10_n_0
    SLICE_X54Y81         MUXF7 (Prop_muxf7_I0_O)      0.173    11.639 r  ax7020_ps7_base_i/snn_axi_memory_window_0/inst/u_hls/grp_run_hybrid_lif_head_fu_28/grp_run_hybrid_lif_head_Pipeline_VITIS_LOOP_36_2_VITIS_LOOP_37_3_fu_373/updated_fu_392_p2_carry_i_2/O
                         net (fo=2, routed)           1.597    13.236    ax7020_ps7_base_i/snn_axi_memory_window_0/inst/u_hls/grp_run_hybrid_lif_head_fu_28/grp_run_hybrid_lif_head_Pipeline_VITIS_LOOP_36_2_VITIS_LOOP_37_3_fu_373/updated_fu_392_p2_carry_i_2_n_0
    SLICE_X53Y47         LUT4 (Prop_lut4_I3_O)        0.241    13.477 r  ax7020_ps7_base_i/snn_axi_memory_window_0/inst/u_hls/grp_run_hybrid_lif_head_fu_28/grp_run_hybrid_lif_head_Pipeline_VITIS_LOOP_36_2_VITIS_LOOP_37_3_fu_373/updated_fu_392_p2_carry_i_5/O
                         net (fo=1, routed)           0.000    13.477    ax7020_ps7_base_i/snn_axi_memory_window_0/inst/u_hls/grp_run_hybrid_lif_head_fu_28/grp_run_hybrid_lif_head_Pipeline_VITIS_LOOP_36_2_VITIS_LOOP_37_3_fu_373/updated_fu_392_p2_carry_i_5_n_0
    SLICE_X53Y47         CARRY4 (Prop_carry4_S[2]_CO[3])
                                                      0.332    13.809 r  ax7020_ps7_base_i/snn_axi_memory_window_0/inst/u_hls/grp_run_hybrid_lif_head_fu_28/grp_run_hybrid_lif_head_Pipeline_VITIS_LOOP_36_2_VITIS_LOOP_37_3_fu_373/updated_fu_392_p2_carry/CO[3]
                         net (fo=1, routed)           0.000    13.809    ax7020_ps7_base_i/snn_axi_memory_window_0/inst/u_hls/grp_run_hybrid_lif_head_fu_28/grp_run_hybrid_lif_head_Pipeline_VITIS_LOOP_36_2_VITIS_LOOP_37_3_fu_373/updated_fu_392_p2_carry_n_0
    SLICE_X53Y48         CARRY4 (Prop_carry4_CI_CO[3])
                                                      0.098    13.907 r  ax7020_ps7_base_i/snn_axi_memory_window_0/inst/u_hls/grp_run_hybrid_lif_head_fu_28/grp_run_hybrid_lif_head_Pipeline_VITIS_LOOP_36_2_VITIS_LOOP_37_3_fu_373/updated_fu_392_p2_carry__0/CO[3]
                         net (fo=1, routed)           0.000    13.907    ax7020_ps7_base_i/snn_axi_memory_window_0/inst/u_hls/grp_run_hybrid_lif_head_fu_28/grp_run_hybrid_lif_head_Pipeline_VITIS_LOOP_36_2_VITIS_LOOP_37_3_fu_373/updated_fu_392_p2_carry__0_n_0
    SLICE_X53Y49         CARRY4 (Prop_carry4_CI_O[1])
                                                      0.265    14.172 r  ax7020_ps7_base_i/snn_axi_memory_window_0/inst/u_hls/grp_run_hybrid_lif_head_fu_28/grp_run_hybrid_lif_head_Pipeline_VITIS_LOOP_36_2_VITIS_LOOP_37_3_fu_373/updated_fu_392_p2_carry__1/O[1]
                         net (fo=8, routed)           0.909    15.081    ax7020_ps7_base_i/snn_axi_memory_window_0/inst/u_hls/grp_run_hybrid_lif_head_fu_28/grp_run_hybrid_lif_head_Pipeline_VITIS_LOOP_36_2_VITIS_LOOP_37_3_fu_373/tmp_4_fu_399_p4[4]
    SLICE_X55Y48         LUT4 (Prop_lut4_I3_O)        0.264    15.345 r  ax7020_ps7_base_i/snn_axi_memory_window_0/inst/u_hls/grp_run_hybrid_lif_head_fu_28/grp_run_hybrid_lif_head_Pipeline_VITIS_LOOP_36_2_VITIS_LOOP_37_3_fu_373/ram_reg_0_31_0_5_i_20/O
                         net (fo=3, routed)           0.616    15.962    ax7020_ps7_base_i/snn_axi_memory_window_0/inst/u_hls/grp_run_hybrid_lif_head_fu_28/grp_run_hybrid_lif_head_Pipeline_VITIS_LOOP_36_2_VITIS_LOOP_37_3_fu_373/ram_reg_0_31_0_5_i_20_n_0
    SLICE_X58Y49         LUT5 (Prop_lut5_I0_O)        0.267    16.229 r  ax7020_ps7_base_i/snn_axi_memory_window_0/inst/u_hls/grp_run_hybrid_lif_head_fu_28/grp_run_hybrid_lif_head_Pipeline_VITIS_LOOP_36_2_VITIS_LOOP_37_3_fu_373/ram_reg_0_31_0_5_i_18/O
                         net (fo=2, routed)           0.469    16.698    ax7020_ps7_base_i/snn_axi_memory_window_0/inst/u_hls/grp_run_hybrid_lif_head_fu_28/grp_run_hybrid_lif_head_Pipeline_VITIS_LOOP_36_2_VITIS_LOOP_37_3_fu_373/ram_reg_0_31_0_5_i_18_n_0
    SLICE_X59Y47         LUT6 (Prop_lut6_I2_O)        0.105    16.803 r  ax7020_ps7_base_i/snn_axi_memory_window_0/inst/u_hls/grp_run_hybrid_lif_head_fu_28/grp_run_hybrid_lif_head_Pipeline_VITIS_LOOP_36_2_VITIS_LOOP_37_3_fu_373/ram_reg_0_31_6_11_i_2/O
                         net (fo=1, routed)           0.369    17.171    ax7020_ps7_base_i/snn_axi_memory_window_0/inst/u_hls/grp_run_hybrid_lif_head_fu_28/membrane_U/ram_reg_0_31_6_11/DIA0
    SLICE_X58Y46         RAMD32                                       r  ax7020_ps7_base_i/snn_axi_memory_window_0/inst/u_hls/grp_run_hybrid_lif_head_fu_28/membrane_U/ram_reg_0_31_6_11/RAMA/I
  -------------------------------------------------------------------    -------------------

                         (clock clk_fpga_0 rise edge)
                                                     20.000    20.000 r  
    PS7_X0Y0             PS7                          0.000    20.000 r  ax7020_ps7_base_i/processing_system7_0/inst/PS7_i/FCLKCLK[0]
                         net (fo=1, routed)           0.905    20.906    ax7020_ps7_base_i/processing_system7_0/inst/FCLK_CLK_unbuffered[0]
    BUFGCTRL_X0Y16       BUFG (Prop_bufg_I_O)         0.077    20.983 r  ax7020_ps7_base_i/processing_system7_0/inst/buffer_fclk_clk_0.FCLK_CLK_0_BUFG/O
                         net (fo=21172, routed)       1.304    22.286    ax7020_ps7_base_i/snn_axi_memory_window_0/inst/u_hls/grp_run_hybrid_lif_head_fu_28/membrane_U/ram_reg_0_31_6_11/WCLK
    SLICE_X58Y46         RAMD32                                       r  ax7020_ps7_base_i/snn_axi_memory_window_0/inst/u_hls/grp_run_hybrid_lif_head_fu_28/membrane_U/ram_reg_0_31_6_11/RAMA/CLK
                         clock pessimism              0.097    22.383    
                         clock uncertainty           -0.302    22.081    
    SLICE_X58Y46         RAMD32 (Setup_ramd32_CLK_I)
                                                     -0.134    21.947    ax7020_ps7_base_i/snn_axi_memory_window_0/inst/u_hls/grp_run_hybrid_lif_head_fu_28/membrane_U/ram_reg_0_31_6_11/RAMA
  -------------------------------------------------------------------
                         required time                         21.947    
                         arrival time                         -17.171    
  -------------------------------------------------------------------
                         slack                                  4.776    





Min Delay Paths
--------------------------------------------------------------------------------------
Slack (MET) :             0.072ns  (arrival time - required time)
  Source:                 <hidden>
                            (rising edge-triggered cell FDRE clocked by clk_fpga_0  {rise@0.000ns fall@10.000ns period=20.000ns})
  Destination:            <hidden>
                            (rising edge-triggered cell FDRE clocked by clk_fpga_0  {rise@0.000ns fall@10.000ns period=20.000ns})
  Path Group:             clk_fpga_0
  Path Type:              Hold (Min at Fast Process Corner)
  Requirement:            0.000ns  (clk_fpga_0 rise@0.000ns - clk_fpga_0 rise@0.000ns)
  Data Path Delay:        0.265ns  (logic 0.148ns (55.882%)  route 0.117ns (44.118%))
  Logic Levels:           0  
  Clock Path Skew:        0.183ns (DCD - SCD - CPR)
    Destination Clock Delay (DCD):    1.210ns
    Source Clock Delay      (SCD):    0.992ns
    Clock Pessimism Removal (CPR):    0.035ns

    Location             Delay type                Incr(ns)  Path(ns)    Netlist Resource(s)
  -------------------------------------------------------------------    -------------------
                         (clock clk_fpga_0 rise edge)
                                                      0.000     0.000 r  
    PS7_X0Y0             PS7                          0.000     0.000 r  ax7020_ps7_base_i/processing_system7_0/inst/PS7_i/FCLKCLK[0]
                         net (fo=1, routed)           0.310     0.310    ax7020_ps7_base_i/processing_system7_0/inst/FCLK_CLK_unbuffered[0]
    BUFGCTRL_X0Y16       BUFG (Prop_bufg_I_O)         0.026     0.336 r  ax7020_ps7_base_i/processing_system7_0/inst/buffer_fclk_clk_0.FCLK_CLK_0_BUFG/O
                         net (fo=21172, routed)       0.656     0.992    <hidden>
    SLICE_X26Y100        FDRE                                         r  <hidden>
  -------------------------------------------------------------------    -------------------
    SLICE_X26Y100        FDRE (Prop_fdre_C_Q)         0.148     1.140 r  <hidden>
                         net (fo=2, routed)           0.117     1.257    <hidden>
    SLICE_X26Y99         FDRE                                         r  <hidden>
  -------------------------------------------------------------------    -------------------

                         (clock clk_fpga_0 rise edge)
                                                      0.000     0.000 r  
    PS7_X0Y0             PS7                          0.000     0.000 r  ax7020_ps7_base_i/processing_system7_0/inst/PS7_i/FCLKCLK[0]
                         net (fo=1, routed)           0.337     0.337    ax7020_ps7_base_i/processing_system7_0/inst/FCLK_CLK_unbuffered[0]
    BUFGCTRL_X0Y16       BUFG (Prop_bufg_I_O)         0.029     0.366 r  ax7020_ps7_base_i/processing_system7_0/inst/buffer_fclk_clk_0.FCLK_CLK_0_BUFG/O
                         net (fo=21172, routed)       0.844     1.210    <hidden>
    SLICE_X26Y99         FDRE                                         r  <hidden>
                         clock pessimism             -0.035     1.175    
    SLICE_X26Y99         FDRE (Hold_fdre_C_D)         0.010     1.185    <hidden>
  -------------------------------------------------------------------
                         required time                         -1.185    
                         arrival time                           1.257    
  -------------------------------------------------------------------
                         slack                                  0.072    





Pulse Width Checks
--------------------------------------------------------------------------------------
Clock Name:         clk_fpga_0
Waveform(ns):       { 0.000 10.000 }
Period(ns):         20.000
Sources:            { ax7020_ps7_base_i/processing_system7_0/inst/PS7_i/FCLKCLK[0] }

Check Type        Corner  Lib Pin      Reference Pin  Required(ns)  Actual(ns)  Slack(ns)  Location      Pin
Min Period        n/a     DSP48E1/CLK  n/a            1.816         20.000      18.184     DSP48_X3Y17   ax7020_ps7_base_i/snn_axi_memory_window_0/inst/u_hls/grp_run_hybrid_lif_head_fu_28/grp_run_hybrid_lif_head_Pipeline_VITIS_LOOP_59_4_fu_382/trunc_ln_reg_207_reg/CLK
Low Pulse Width   Slow    RAMD32/CLK   n/a            1.130         10.000      8.870      SLICE_X58Y47  ax7020_ps7_base_i/snn_axi_memory_window_0/inst/u_hls/grp_run_hybrid_lif_head_fu_28/membrane_U/ram_reg_0_31_0_5/RAMA/CLK
High Pulse Width  Slow    RAMD32/CLK   n/a            1.130         10.000      8.870      SLICE_X58Y47  ax7020_ps7_base_i/snn_axi_memory_window_0/inst/u_hls/grp_run_hybrid_lif_head_fu_28/membrane_U/ram_reg_0_31_0_5/RAMA/CLK



