Copyright 1986-2022 Xilinx, Inc. All Rights Reserved. Copyright 2022-2025 Advanced Micro Devices, Inc. All Rights Reserved.
-------------------------------------------------------------------------------------------------------------------------------------------------
| Tool Version : Vivado v.2025.1 (win64) Build 6140274 Thu May 22 00:12:29 MDT 2025
| Date         : Fri Jul 31 15:07:05 2026
| Host         : mqy996 running 64-bit major release  (build 9200)
| Command      : report_timing_summary -file D:/eeg_fpga/snn_hybrid_eeg/vivado/evidence_rebuild/run_20260731_attempt1/artifacts/timing_synth.rpt
| Design       : ax7020_ps7_base_wrapper
| Device       : 7z020-clg400
| Speed File   : -2  PRODUCTION 1.12 2019-11-22
| Design State : Synthesized
-------------------------------------------------------------------------------------------------------------------------------------------------

Timing Summary Report

------------------------------------------------------------------------------------------------
| Timer Settings
| --------------
------------------------------------------------------------------------------------------------

  Enable Multi Corner Analysis               :  Yes
  Enable Pessimism Removal                   :  Yes
  Pessimism Removal Resolution               :  Nearest Common Node
  Enable Input Delay Default Clock           :  No
  Enable Preset / Clear Arcs                 :  No
  Disable Flight Delays                      :  No
  Ignore I/O Paths                           :  No
  Timing Early Launch at Borrowing Latches   :  No
  Borrow Time for Max Delay Exceptions       :  Yes
  Merge Timing Exceptions                    :  Yes
  Inter-SLR Compensation                     :  Conservative

  Corner  Analyze    Analyze    
  Name    Max Paths  Min Paths  
  ------  ---------  ---------  
  Slow    Yes        Yes        
  Fast    Yes        Yes        


------------------------------------------------------------------------------------------------
| Report Methodology
| ------------------
------------------------------------------------------------------------------------------------

No report available as report_methodology has not been run prior. Run report_methodology on the current design for the summary of methodology violations.



check_timing report

Table of Contents
-----------------
1. checking no_clock (0)
2. checking constant_clock (0)
3. checking pulse_width_clock (0)
4. checking unconstrained_internal_endpoints (0)
5. checking no_input_delay (0)
6. checking no_output_delay (0)
7. checking multiple_clock (0)
8. checking generated_clocks (0)
9. checking loops (0)
10. checking partial_input_delay (0)
11. checking partial_output_delay (0)
12. checking latch_loops (0)

1. checking no_clock (0)
------------------------
 There are 0 register/latch pins with no clock.


2. checking constant_clock (0)
------------------------------
 There are 0 register/latch pins with constant_clock.


3. checking pulse_width_clock (0)
---------------------------------
 There are 0 register/latch pins which need pulse_width check


4. checking unconstrained_internal_endpoints (0)
------------------------------------------------
 There are 0 pins that are not constrained for maximum delay.

 There are 0 pins that are not constrained for maximum delay due to constant clock.


5. checking no_input_delay (0)
------------------------------
 There are 0 input ports with no input delay specified.

 There are 0 input ports with no input delay but user has a false path constraint.


6. checking no_output_delay (0)
-------------------------------
 There are 0 ports with no output delay specified.

 There are 0 ports with no output delay but user has a false path constraint

 There are 0 ports with no output delay but with a timing clock defined on it or propagating through it


7. checking multiple_clock (0)
------------------------------
 There are 0 register/latch pins with multiple clocks.


8. checking generated_clocks (0)
--------------------------------
 There are 0 generated clocks that are not connected to a clock source.


9. checking loops (0)
---------------------
 There are 0 combinational loops in the design.


10. checking partial_input_delay (0)
------------------------------------
 There are 0 input ports with partial input delay specified.


11. checking partial_output_delay (0)
-------------------------------------
 There are 0 ports with partial output delay specified.


12. checking latch_loops (0)
----------------------------
 There are 0 combinational latch loops in the design through latch input



------------------------------------------------------------------------------------------------
| Design Timing Summary
| ---------------------
------------------------------------------------------------------------------------------------

    WNS(ns)      TNS(ns)  TNS Failing Endpoints  TNS Total Endpoints      WHS(ns)      THS(ns)  THS Failing Endpoints  THS Total Endpoints     WPWS(ns)     TPWS(ns)  TPWS Failing Endpoints  TPWS Total Endpoints  
    -------      -------  ---------------------  -------------------      -------      -------  ---------------------  -------------------     --------     --------  ----------------------  --------------------  
     10.390        0.000                      0                63906        0.037        0.000                      0                63906        8.870        0.000                       0                 21229  


All user specified timing constraints are met.


------------------------------------------------------------------------------------------------
| Clock Summary
| -------------
------------------------------------------------------------------------------------------------

Clock       Waveform(ns)       Period(ns)      Frequency(MHz)
-----       ------------       ----------      --------------
clk_fpga_0  {0.000 10.000}     20.000          50.000          


------------------------------------------------------------------------------------------------
| Intra Clock Table
| -----------------
------------------------------------------------------------------------------------------------

Clock             WNS(ns)      TNS(ns)  TNS Failing Endpoints  TNS Total Endpoints      WHS(ns)      THS(ns)  THS Failing Endpoints  THS Total Endpoints     WPWS(ns)     TPWS(ns)  TPWS Failing Endpoints  TPWS Total Endpoints  
-----             -------      -------  ---------------------  -------------------      -------      -------  ---------------------  -------------------     --------     --------  ----------------------  --------------------  
clk_fpga_0         10.390        0.000                      0                63906        0.037        0.000                      0                63906        8.870        0.000                       0                 21229  


------------------------------------------------------------------------------------------------
| Inter Clock Table
| -----------------
------------------------------------------------------------------------------------------------

From Clock    To Clock          WNS(ns)      TNS(ns)  TNS Failing Endpoints  TNS Total Endpoints      WHS(ns)      THS(ns)  THS Failing Endpoints  THS Total Endpoints  
----------    --------          -------      -------  ---------------------  -------------------      -------      -------  ---------------------  -------------------  


------------------------------------------------------------------------------------------------
| Other Path Groups Table
| -----------------------
------------------------------------------------------------------------------------------------

Path Group    From Clock    To Clock          WNS(ns)      TNS(ns)  TNS Failing Endpoints  TNS Total Endpoints      WHS(ns)      THS(ns)  THS Failing Endpoints  THS Total Endpoints  
----------    ----------    --------          -------      -------  ---------------------  -------------------      -------      -------  ---------------------  -------------------  


------------------------------------------------------------------------------------------------
| Timing Details
| --------------
------------------------------------------------------------------------------------------------


---------------------------------------------------------------------------------------------------
From Clock:  clk_fpga_0
  To Clock:  clk_fpga_0

Setup :            0  Failing Endpoints,  Worst Slack       10.390ns,  Total Violation        0.000ns
Hold  :            0  Failing Endpoints,  Worst Slack        0.037ns,  Total Violation        0.000ns
PW    :            0  Failing Endpoints,  Worst Slack        8.870ns,  Total Violation        0.000ns
---------------------------------------------------------------------------------------------------


Max Delay Paths
--------------------------------------------------------------------------------------
Slack (MET) :             10.390ns  (required time - arrival time)
  Source:                 ax7020_ps7_base_i/snn_axi_memory_window_0/inst/u_hls/grp_run_hybrid_lif_head_fu_28/grp_run_hybrid_lif_head_Pipeline_VITIS_LOOP_66_5_fu_389/mac_muladd_12s_7ns_18s_19_4_1_U45/hybrid_lif_head_q12_6_mac_muladd_12s_7ns_18s_19_4_1_DSP48_0_U/p_reg_reg/CLK
                            (rising edge-triggered cell DSP48E1 clocked by clk_fpga_0  {rise@0.000ns fall@10.000ns period=20.000ns})
  Destination:            ax7020_ps7_base_i/snn_axi_memory_window_0/inst/u_hls/grp_run_hybrid_lif_head_fu_28/grp_run_hybrid_lif_head_Pipeline_VITIS_LOOP_66_5_fu_389/quotient_2_reg_2614_reg[16]/D
                            (rising edge-triggered cell FDRE clocked by clk_fpga_0  {rise@0.000ns fall@10.000ns period=20.000ns})
  Path Group:             clk_fpga_0
  Path Type:              Setup (Max at Slow Process Corner)
  Requirement:            20.000ns  (clk_fpga_0 rise@20.000ns - clk_fpga_0 rise@0.000ns)
  Data Path Delay:        9.206ns  (logic 5.409ns (58.758%)  route 3.797ns (41.242%))
  Logic Levels:           17  (CARRY4=10 LUT1=1 LUT2=4 LUT3=1 LUT4=1)
  Clock Path Skew:        -0.145ns (DCD - SCD + CPR)
    Destination Clock Delay (DCD):    1.191ns = ( 21.191 - 20.000 ) 
    Source Clock Delay      (SCD):    1.376ns
    Clock Pessimism Removal (CPR):    0.040ns
  Clock Uncertainty:      0.302ns  ((TSJ^2 + TIJ^2)^1/2 + DJ) / 2 + PE
    Total System Jitter     (TSJ):    0.071ns
    Total Input Jitter      (TIJ):    0.600ns
    Discrete Jitter          (DJ):    0.000ns
    Phase Error              (PE):    0.000ns

    Location             Delay type                Incr(ns)  Path(ns)    Netlist Resource(s)
  -------------------------------------------------------------------    -------------------
                         (clock clk_fpga_0 rise edge)
                                                      0.000     0.000 r  
    PS7_X0Y0             PS7                          0.000     0.000 r  ax7020_ps7_base_i/processing_system7_0/inst/PS7_i/FCLKCLK[0]
                         net (fo=1, unplaced)         0.646     0.646    ax7020_ps7_base_i/processing_system7_0/inst/FCLK_CLK_unbuffered[0]
                         BUFG (Prop_bufg_I_O)         0.085     0.731 r  ax7020_ps7_base_i/processing_system7_0/inst/buffer_fclk_clk_0.FCLK_CLK_0_BUFG/O
                         net (fo=21230, unplaced)     0.646     1.376    ax7020_ps7_base_i/snn_axi_memory_window_0/inst/u_hls/grp_run_hybrid_lif_head_fu_28/grp_run_hybrid_lif_head_Pipeline_VITIS_LOOP_66_5_fu_389/mac_muladd_12s_7ns_18s_19_4_1_U45/hybrid_lif_head_q12_6_mac_muladd_12s_7ns_18s_19_4_1_DSP48_0_U/s_axi_aclk
                         DSP48E1                                      r  ax7020_ps7_base_i/snn_axi_memory_window_0/inst/u_hls/grp_run_hybrid_lif_head_fu_28/grp_run_hybrid_lif_head_Pipeline_VITIS_LOOP_66_5_fu_389/mac_muladd_12s_7ns_18s_19_4_1_U45/hybrid_lif_head_q12_6_mac_muladd_12s_7ns_18s_19_4_1_DSP48_0_U/p_reg_reg/CLK
  -------------------------------------------------------------------    -------------------
                         DSP48E1 (Prop_dsp48e1_CLK_P[1])
                                                      0.370     1.746 r  ax7020_ps7_base_i/snn_axi_memory_window_0/inst/u_hls/grp_run_hybrid_lif_head_fu_28/grp_run_hybrid_lif_head_Pipeline_VITIS_LOOP_66_5_fu_389/mac_muladd_12s_7ns_18s_19_4_1_U45/hybrid_lif_head_q12_6_mac_muladd_12s_7ns_18s_19_4_1_DSP48_0_U/p_reg_reg/P[1]
                         net (fo=1, unplaced)         0.646     2.392    ax7020_ps7_base_i/snn_axi_memory_window_0/inst/u_hls/grp_run_hybrid_lif_head_fu_28/grp_run_hybrid_lif_head_Pipeline_VITIS_LOOP_66_5_fu_389/mac_muladd_12s_7ns_18s_19_4_1_U45/hybrid_lif_head_q12_6_mac_muladd_12s_7ns_18s_19_4_1_DSP48_0_U/p_reg_reg_n_104
                         LUT2 (Prop_lut2_I1_O)        0.105     2.497 r  ax7020_ps7_base_i/snn_axi_memory_window_0/inst/u_hls/grp_run_hybrid_lif_head_fu_28/grp_run_hybrid_lif_head_Pipeline_VITIS_LOOP_66_5_fu_389/mac_muladd_12s_7ns_18s_19_4_1_U45/hybrid_lif_head_q12_6_mac_muladd_12s_7ns_18s_19_4_1_DSP48_0_U/numerator_fu_1690_p2_carry_i_3/O
                         net (fo=1, unplaced)         0.000     2.497    ax7020_ps7_base_i/snn_axi_memory_window_0/inst/u_hls/grp_run_hybrid_lif_head_fu_28/grp_run_hybrid_lif_head_Pipeline_VITIS_LOOP_66_5_fu_389/mac_muladd_12s_7ns_18s_19_4_1_U45_n_48
                         CARRY4 (Prop_carry4_S[1]_O[3])
                                                      0.534     3.031 r  ax7020_ps7_base_i/snn_axi_memory_window_0/inst/u_hls/grp_run_hybrid_lif_head_fu_28/grp_run_hybrid_lif_head_Pipeline_VITIS_LOOP_66_5_fu_389/numerator_fu_1690_p2_carry/O[3]
                         net (fo=1, unplaced)         0.519     3.550    ax7020_ps7_base_i/snn_axi_memory_window_0/inst/u_hls/grp_run_hybrid_lif_head_fu_28/grp_run_hybrid_lif_head_Pipeline_VITIS_LOOP_66_5_fu_389/sext_ln72_3_fu_1657_p1[3]
                         LUT2 (Prop_lut2_I1_O)        0.250     3.800 r  ax7020_ps7_base_i/snn_axi_memory_window_0/inst/u_hls/grp_run_hybrid_lif_head_fu_28/grp_run_hybrid_lif_head_Pipeline_VITIS_LOOP_66_5_fu_389/numerator_fu_1690_p2__56_carry_i_1/O
                         net (fo=1, unplaced)         0.000     3.800    ax7020_ps7_base_i/snn_axi_memory_window_0/inst/u_hls/grp_run_hybrid_lif_head_fu_28/grp_run_hybrid_lif_head_Pipeline_VITIS_LOOP_66_5_fu_389/numerator_fu_1690_p2__56_carry_i_1_n_0
                         CARRY4 (Prop_carry4_S[3]_CO[3])
                                                      0.314     4.114 r  ax7020_ps7_base_i/snn_axi_memory_window_0/inst/u_hls/grp_run_hybrid_lif_head_fu_28/grp_run_hybrid_lif_head_Pipeline_VITIS_LOOP_66_5_fu_389/numerator_fu_1690_p2__56_carry/CO[3]
                         net (fo=1, unplaced)         0.008     4.122    ax7020_ps7_base_i/snn_axi_memory_window_0/inst/u_hls/grp_run_hybrid_lif_head_fu_28/grp_run_hybrid_lif_head_Pipeline_VITIS_LOOP_66_5_fu_389/numerator_fu_1690_p2__56_carry_n_0
                         CARRY4 (Prop_carry4_CI_O[3])
                                                      0.277     4.399 r  ax7020_ps7_base_i/snn_axi_memory_window_0/inst/u_hls/grp_run_hybrid_lif_head_fu_28/grp_run_hybrid_lif_head_Pipeline_VITIS_LOOP_66_5_fu_389/numerator_fu_1690_p2__56_carry__0/O[3]
                         net (fo=1, unplaced)         0.519     4.918    ax7020_ps7_base_i/snn_axi_memory_window_0/inst/u_hls/grp_run_hybrid_lif_head_fu_28/grp_run_hybrid_lif_head_Pipeline_VITIS_LOOP_66_5_fu_389/sext_ln72_7_fu_1670_p1[7]
                         LUT2 (Prop_lut2_I1_O)        0.250     5.168 r  ax7020_ps7_base_i/snn_axi_memory_window_0/inst/u_hls/grp_run_hybrid_lif_head_fu_28/grp_run_hybrid_lif_head_Pipeline_VITIS_LOOP_66_5_fu_389/numerator_fu_1690_p2__116_carry__0_i_1/O
                         net (fo=1, unplaced)         0.000     5.168    ax7020_ps7_base_i/snn_axi_memory_window_0/inst/u_hls/grp_run_hybrid_lif_head_fu_28/grp_run_hybrid_lif_head_Pipeline_VITIS_LOOP_66_5_fu_389/numerator_fu_1690_p2__116_carry__0_i_1_n_0
                         CARRY4 (Prop_carry4_S[3]_CO[3])
                                                      0.314     5.482 r  ax7020_ps7_base_i/snn_axi_memory_window_0/inst/u_hls/grp_run_hybrid_lif_head_fu_28/grp_run_hybrid_lif_head_Pipeline_VITIS_LOOP_66_5_fu_389/numerator_fu_1690_p2__116_carry__0/CO[3]
                         net (fo=1, unplaced)         0.000     5.482    ax7020_ps7_base_i/snn_axi_memory_window_0/inst/u_hls/grp_run_hybrid_lif_head_fu_28/grp_run_hybrid_lif_head_Pipeline_VITIS_LOOP_66_5_fu_389/numerator_fu_1690_p2__116_carry__0_n_0
                         CARRY4 (Prop_carry4_CI_O[3])
                                                      0.277     5.759 r  ax7020_ps7_base_i/snn_axi_memory_window_0/inst/u_hls/grp_run_hybrid_lif_head_fu_28/grp_run_hybrid_lif_head_Pipeline_VITIS_LOOP_66_5_fu_389/numerator_fu_1690_p2__116_carry__1/O[3]
                         net (fo=1, unplaced)         0.519     6.278    ax7020_ps7_base_i/snn_axi_memory_window_0/inst/u_hls/grp_run_hybrid_lif_head_fu_28/grp_run_hybrid_lif_head_Pipeline_VITIS_LOOP_66_5_fu_389/sext_ln72_15_fu_1683_p1[11]
                         LUT2 (Prop_lut2_I1_O)        0.250     6.528 r  ax7020_ps7_base_i/snn_axi_memory_window_0/inst/u_hls/grp_run_hybrid_lif_head_fu_28/grp_run_hybrid_lif_head_Pipeline_VITIS_LOOP_66_5_fu_389/numerator_fu_1690_p2__179_carry__1_i_1/O
                         net (fo=1, unplaced)         0.000     6.528    ax7020_ps7_base_i/snn_axi_memory_window_0/inst/u_hls/grp_run_hybrid_lif_head_fu_28/grp_run_hybrid_lif_head_Pipeline_VITIS_LOOP_66_5_fu_389/numerator_fu_1690_p2__179_carry__1_i_1_n_0
                         CARRY4 (Prop_carry4_S[3]_CO[3])
                                                      0.314     6.842 r  ax7020_ps7_base_i/snn_axi_memory_window_0/inst/u_hls/grp_run_hybrid_lif_head_fu_28/grp_run_hybrid_lif_head_Pipeline_VITIS_LOOP_66_5_fu_389/numerator_fu_1690_p2__179_carry__1/CO[3]
                         net (fo=1, unplaced)         0.000     6.842    ax7020_ps7_base_i/snn_axi_memory_window_0/inst/u_hls/grp_run_hybrid_lif_head_fu_28/grp_run_hybrid_lif_head_Pipeline_VITIS_LOOP_66_5_fu_389/numerator_fu_1690_p2__179_carry__1_n_0
                         CARRY4 (Prop_carry4_CI_O[3])
                                                      0.277     7.119 f  ax7020_ps7_base_i/snn_axi_memory_window_0/inst/u_hls/grp_run_hybrid_lif_head_fu_28/grp_run_hybrid_lif_head_Pipeline_VITIS_LOOP_66_5_fu_389/numerator_fu_1690_p2__179_carry__2/O[3]
                         net (fo=3, unplaced)         0.537     7.656    ax7020_ps7_base_i/snn_axi_memory_window_0/inst/u_hls/grp_run_hybrid_lif_head_fu_28/grp_run_hybrid_lif_head_Pipeline_VITIS_LOOP_66_5_fu_389/numerator_fu_1690_p2__179_carry__2_n_4
                         LUT1 (Prop_lut1_I0_O)        0.250     7.906 r  ax7020_ps7_base_i/snn_axi_memory_window_0/inst/u_hls/grp_run_hybrid_lif_head_fu_28/grp_run_hybrid_lif_head_Pipeline_VITIS_LOOP_66_5_fu_389/quotient_2_reg_2614[10]_i_4/O
                         net (fo=1, unplaced)         0.000     7.906    ax7020_ps7_base_i/snn_axi_memory_window_0/inst/u_hls/grp_run_hybrid_lif_head_fu_28/grp_run_hybrid_lif_head_Pipeline_VITIS_LOOP_66_5_fu_389/quotient_2_reg_2614[10]_i_4_n_0
                         CARRY4 (Prop_carry4_S[2]_CO[3])
                                                      0.316     8.222 r  ax7020_ps7_base_i/snn_axi_memory_window_0/inst/u_hls/grp_run_hybrid_lif_head_fu_28/grp_run_hybrid_lif_head_Pipeline_VITIS_LOOP_66_5_fu_389/quotient_2_reg_2614_reg[10]_i_2/CO[3]
                         net (fo=1, unplaced)         0.000     8.222    ax7020_ps7_base_i/snn_axi_memory_window_0/inst/u_hls/grp_run_hybrid_lif_head_fu_28/grp_run_hybrid_lif_head_Pipeline_VITIS_LOOP_66_5_fu_389/mac_muladd_12s_7ns_18s_19_4_1_U45/hybrid_lif_head_q12_6_mac_muladd_12s_7ns_18s_19_4_1_DSP48_0_U/quotient_2_reg_2614_reg[14][0]
                         CARRY4 (Prop_carry4_CI_O[3])
                                                      0.277     8.499 r  ax7020_ps7_base_i/snn_axi_memory_window_0/inst/u_hls/grp_run_hybrid_lif_head_fu_28/grp_run_hybrid_lif_head_Pipeline_VITIS_LOOP_66_5_fu_389/mac_muladd_12s_7ns_18s_19_4_1_U45/hybrid_lif_head_q12_6_mac_muladd_12s_7ns_18s_19_4_1_DSP48_0_U/quotient_2_reg_2614_reg[14]_i_2/O[3]
                         net (fo=2, unplaced)         0.530     9.029    ax7020_ps7_base_i/snn_axi_memory_window_0/inst/u_hls/grp_run_hybrid_lif_head_fu_28/grp_run_hybrid_lif_head_Pipeline_VITIS_LOOP_66_5_fu_389/mac_muladd_12s_7ns_18s_19_4_1_U45/hybrid_lif_head_q12_6_mac_muladd_12s_7ns_18s_19_4_1_DSP48_0_U/signed_magnitude_fu_1704_p2[20]
                         LUT3 (Prop_lut3_I2_O)        0.250     9.279 r  ax7020_ps7_base_i/snn_axi_memory_window_0/inst/u_hls/grp_run_hybrid_lif_head_fu_28/grp_run_hybrid_lif_head_Pipeline_VITIS_LOOP_66_5_fu_389/mac_muladd_12s_7ns_18s_19_4_1_U45/hybrid_lif_head_q12_6_mac_muladd_12s_7ns_18s_19_4_1_DSP48_0_U/quotient_fu_1746_p2_carry__2_i_3/O
                         net (fo=1, unplaced)         0.000     9.279    ax7020_ps7_base_i/snn_axi_memory_window_0/inst/u_hls/grp_run_hybrid_lif_head_fu_28/grp_run_hybrid_lif_head_Pipeline_VITIS_LOOP_66_5_fu_389/trunc_ln7_3_fu_1730_p4__0[14]
                         CARRY4 (Prop_carry4_S[1]_O[3])
                                                      0.534     9.813 r  ax7020_ps7_base_i/snn_axi_memory_window_0/inst/u_hls/grp_run_hybrid_lif_head_fu_28/grp_run_hybrid_lif_head_Pipeline_VITIS_LOOP_66_5_fu_389/quotient_fu_1746_p2_carry__2/O[3]
                         net (fo=1, unplaced)         0.519    10.332    ax7020_ps7_base_i/snn_axi_memory_window_0/inst/u_hls/grp_run_hybrid_lif_head_fu_28/grp_run_hybrid_lif_head_Pipeline_VITIS_LOOP_66_5_fu_389/mac_muladd_12s_7ns_18s_19_4_1_U45/hybrid_lif_head_q12_6_mac_muladd_12s_7ns_18s_19_4_1_DSP48_0_U/quotient_fu_1746_p2__30[15]
                         LUT4 (Prop_lut4_I0_O)        0.250    10.582 r  ax7020_ps7_base_i/snn_axi_memory_window_0/inst/u_hls/grp_run_hybrid_lif_head_fu_28/grp_run_hybrid_lif_head_Pipeline_VITIS_LOOP_66_5_fu_389/mac_muladd_12s_7ns_18s_19_4_1_U45/hybrid_lif_head_q12_6_mac_muladd_12s_7ns_18s_19_4_1_DSP48_0_U/quotient_2_reg_2614[16]_i_1/O
                         net (fo=1, unplaced)         0.000    10.582    ax7020_ps7_base_i/snn_axi_memory_window_0/inst/u_hls/grp_run_hybrid_lif_head_fu_28/grp_run_hybrid_lif_head_Pipeline_VITIS_LOOP_66_5_fu_389/quotient_2_fu_1770_p3[16]
                         FDRE                                         r  ax7020_ps7_base_i/snn_axi_memory_window_0/inst/u_hls/grp_run_hybrid_lif_head_fu_28/grp_run_hybrid_lif_head_Pipeline_VITIS_LOOP_66_5_fu_389/quotient_2_reg_2614_reg[16]/D
  -------------------------------------------------------------------    -------------------

                         (clock clk_fpga_0 rise edge)
                                                     20.000    20.000 r  
    PS7_X0Y0             PS7                          0.000    20.000 r  ax7020_ps7_base_i/processing_system7_0/inst/PS7_i/FCLKCLK[0]
                         net (fo=1, unplaced)         0.613    20.613    ax7020_ps7_base_i/processing_system7_0/inst/FCLK_CLK_unbuffered[0]
                         BUFG (Prop_bufg_I_O)         0.077    20.690 r  ax7020_ps7_base_i/processing_system7_0/inst/buffer_fclk_clk_0.FCLK_CLK_0_BUFG/O
                         net (fo=21230, unplaced)     0.501    21.191    ax7020_ps7_base_i/snn_axi_memory_window_0/inst/u_hls/grp_run_hybrid_lif_head_fu_28/grp_run_hybrid_lif_head_Pipeline_VITIS_LOOP_66_5_fu_389/s_axi_aclk
                         FDRE                                         r  ax7020_ps7_base_i/snn_axi_memory_window_0/inst/u_hls/grp_run_hybrid_lif_head_fu_28/grp_run_hybrid_lif_head_Pipeline_VITIS_LOOP_66_5_fu_389/quotient_2_reg_2614_reg[16]/C
                         clock pessimism              0.040    21.231    
                         clock uncertainty           -0.302    20.929    
                         FDRE (Setup_fdre_C_D)        0.043    20.972    ax7020_ps7_base_i/snn_axi_memory_window_0/inst/u_hls/grp_run_hybrid_lif_head_fu_28/grp_run_hybrid_lif_head_Pipeline_VITIS_LOOP_66_5_fu_389/quotient_2_reg_2614_reg[16]
  -------------------------------------------------------------------
                         required time                         20.972    
                         arrival time                         -10.582    
  -------------------------------------------------------------------
                         slack                                 10.390    





Min Delay Paths
--------------------------------------------------------------------------------------
Slack (MET) :             0.037ns  (arrival time - required time)
  Source:                 ax7020_ps7_base_i/axi_interconnect_0/inst/clk_map/psr_aclk/U0/EXT_LPF/ACTIVE_LOW_AUX.ACT_LO_AUX/syncstages_ff_reg[0]/C
                            (rising edge-triggered cell FDRE clocked by clk_fpga_0  {rise@0.000ns fall@10.000ns period=20.000ns})
  Destination:            ax7020_ps7_base_i/axi_interconnect_0/inst/clk_map/psr_aclk/U0/EXT_LPF/ACTIVE_LOW_AUX.ACT_LO_AUX/syncstages_ff_reg[1]/D
                            (rising edge-triggered cell FDRE clocked by clk_fpga_0  {rise@0.000ns fall@10.000ns period=20.000ns})
  Path Group:             clk_fpga_0
  Path Type:              Hold (Min at Fast Process Corner)
  Requirement:            0.000ns  (clk_fpga_0 rise@0.000ns - clk_fpga_0 rise@0.000ns)
  Data Path Delay:        0.220ns  (logic 0.147ns (66.849%)  route 0.073ns (33.151%))
  Logic Levels:           0  
  Clock Path Skew:        0.145ns (DCD - SCD - CPR)
    Destination Clock Delay (DCD):    0.703ns
    Source Clock Delay      (SCD):    0.538ns
    Clock Pessimism Removal (CPR):    0.020ns

    Location             Delay type                Incr(ns)  Path(ns)    Netlist Resource(s)
  -------------------------------------------------------------------    -------------------
                         (clock clk_fpga_0 rise edge)
                                                      0.000     0.000 r  
    PS7_X0Y0             PS7                          0.000     0.000 r  ax7020_ps7_base_i/processing_system7_0/inst/PS7_i/FCLKCLK[0]
                         net (fo=1, unplaced)         0.320     0.320    ax7020_ps7_base_i/processing_system7_0/inst/FCLK_CLK_unbuffered[0]
                         BUFG (Prop_bufg_I_O)         0.026     0.346 r  ax7020_ps7_base_i/processing_system7_0/inst/buffer_fclk_clk_0.FCLK_CLK_0_BUFG/O
                         net (fo=21230, unplaced)     0.192     0.538    ax7020_ps7_base_i/axi_interconnect_0/inst/clk_map/psr_aclk/U0/EXT_LPF/ACTIVE_LOW_AUX.ACT_LO_AUX/dest_clk
                         FDRE                                         r  ax7020_ps7_base_i/axi_interconnect_0/inst/clk_map/psr_aclk/U0/EXT_LPF/ACTIVE_LOW_AUX.ACT_LO_AUX/syncstages_ff_reg[0]/C
  -------------------------------------------------------------------    -------------------
                         FDRE (Prop_fdre_C_Q)         0.147     0.685 r  ax7020_ps7_base_i/axi_interconnect_0/inst/clk_map/psr_aclk/U0/EXT_LPF/ACTIVE_LOW_AUX.ACT_LO_AUX/syncstages_ff_reg[0]/Q
                         net (fo=1, unplaced)         0.073     0.758    ax7020_ps7_base_i/axi_interconnect_0/inst/clk_map/psr_aclk/U0/EXT_LPF/ACTIVE_LOW_AUX.ACT_LO_AUX/syncstages_ff[0]
                         FDRE                                         r  ax7020_ps7_base_i/axi_interconnect_0/inst/clk_map/psr_aclk/U0/EXT_LPF/ACTIVE_LOW_AUX.ACT_LO_AUX/syncstages_ff_reg[1]/D
  -------------------------------------------------------------------    -------------------

                         (clock clk_fpga_0 rise edge)
                                                      0.000     0.000 r  
    PS7_X0Y0             PS7                          0.000     0.000 r  ax7020_ps7_base_i/processing_system7_0/inst/PS7_i/FCLKCLK[0]
                         net (fo=1, unplaced)         0.337     0.337    ax7020_ps7_base_i/processing_system7_0/inst/FCLK_CLK_unbuffered[0]
                         BUFG (Prop_bufg_I_O)         0.029     0.366 r  ax7020_ps7_base_i/processing_system7_0/inst/buffer_fclk_clk_0.FCLK_CLK_0_BUFG/O
                         net (fo=21230, unplaced)     0.337     0.703    ax7020_ps7_base_i/axi_interconnect_0/inst/clk_map/psr_aclk/U0/EXT_LPF/ACTIVE_LOW_AUX.ACT_LO_AUX/dest_clk
                         FDRE                                         r  ax7020_ps7_base_i/axi_interconnect_0/inst/clk_map/psr_aclk/U0/EXT_LPF/ACTIVE_LOW_AUX.ACT_LO_AUX/syncstages_ff_reg[1]/C
                         clock pessimism             -0.020     0.683    
                         FDRE (Hold_fdre_C_D)         0.038     0.721    ax7020_ps7_base_i/axi_interconnect_0/inst/clk_map/psr_aclk/U0/EXT_LPF/ACTIVE_LOW_AUX.ACT_LO_AUX/syncstages_ff_reg[1]
  -------------------------------------------------------------------
                         required time                         -0.721    
                         arrival time                           0.758    
  -------------------------------------------------------------------
                         slack                                  0.037    





Pulse Width Checks
--------------------------------------------------------------------------------------
Clock Name:         clk_fpga_0
Waveform(ns):       { 0.000 10.000 }
Period(ns):         20.000
Sources:            { ax7020_ps7_base_i/processing_system7_0/inst/PS7_i/FCLKCLK[0] }

Check Type        Corner  Lib Pin      Reference Pin  Required(ns)  Actual(ns)  Slack(ns)  Location  Pin
Min Period        n/a     DSP48E1/CLK  n/a            1.816         20.000      18.184               ax7020_ps7_base_i/snn_axi_memory_window_0/inst/u_hls/grp_run_hybrid_lif_head_fu_28/grp_run_hybrid_lif_head_Pipeline_VITIS_LOOP_59_4_fu_382/trunc_ln_reg_207_reg/CLK
Low Pulse Width   Slow    RAMD32/CLK   n/a            1.130         10.000      8.870                ax7020_ps7_base_i/snn_axi_memory_window_0/inst/u_hls/grp_run_hybrid_lif_head_fu_28/membrane_U/ram_reg_0_31_0_5/RAMA/CLK
High Pulse Width  Slow    RAMD32/CLK   n/a            1.130         10.000      8.870                ax7020_ps7_base_i/snn_axi_memory_window_0/inst/u_hls/grp_run_hybrid_lif_head_fu_28/membrane_U/ram_reg_0_31_0_5/RAMA/CLK



