Copyright 1986-2022 Xilinx, Inc. All Rights Reserved. Copyright 2022-2025 Advanced Micro Devices, Inc. All Rights Reserved.
-----------------------------------------------------------------------------------------------------------------------------------------------------------------------------
| Tool Version : Vivado v.2025.1 (win64) Build 6140274 Thu May 22 00:12:29 MDT 2025
| Date         : Fri Jul 31 15:13:46 2026
| Host         : mqy996 running 64-bit major release  (build 9200)
| Command      : report_utilization -hierarchical -file D:/eeg_fpga/snn_hybrid_eeg/vivado/evidence_rebuild/run_20260731_attempt1/artifacts/utilization_impl_hierarchical.rpt
| Design       : ax7020_ps7_base_wrapper
| Device       : xc7z020clg400-2
| Speed File   : -2
| Design State : Routed
-----------------------------------------------------------------------------------------------------------------------------------------------------------------------------

Utilization Design Information

Table of Contents
-----------------
1. Utilization by Hierarchy

1. Utilization by Hierarchy
---------------------------

+-----------------------------------------------------------------------------------------+------------------------------------------------------------------------------------------------------------------------------+------------+------------+---------+------+-------+--------+--------+------------+
|                                         Instance                                        |                                                            Module                                                            | Total LUTs | Logic LUTs | LUTRAMs | SRLs |  FFs  | RAMB36 | RAMB18 | DSP Blocks |
+-----------------------------------------------------------------------------------------+------------------------------------------------------------------------------------------------------------------------------+------------+------------+---------+------+-------+--------+--------+------------+
| ax7020_ps7_base_wrapper                                                                 |                                                                                                                        (top) |       8902 |       8864 |      20 |   18 | 21076 |      0 |      0 |         34 |
|   ax7020_ps7_base_i                                                                     |                                                                                                              ax7020_ps7_base |       8902 |       8864 |      20 |   18 | 21076 |      0 |      0 |         34 |
|     snn_axi_memory_window_0                                                             |                                                                                    ax7020_ps7_base_snn_axi_memory_window_0_0 |       8416 |       8380 |      20 |   16 | 20461 |      0 |      0 |         34 |
|       (snn_axi_memory_window_0)                                                         |                                                                                    ax7020_ps7_base_snn_axi_memory_window_0_0 |         68 |         68 |       0 |    0 |     0 |      0 |      0 |          0 |
|       inst                                                                              |                                                              ax7020_ps7_base_snn_axi_memory_window_0_0_snn_axi_memory_window |       8348 |       8312 |      20 |   16 | 20461 |      0 |      0 |         34 |
|         (inst)                                                                          |                                                              ax7020_ps7_base_snn_axi_memory_window_0_0_snn_axi_memory_window |        625 |        625 |       0 |    0 | 19821 |      0 |      0 |          0 |
|         u_hls                                                                           |                                                              ax7020_ps7_base_snn_axi_memory_window_0_0_hybrid_lif_head_q12_6 |       7725 |       7689 |      20 |   16 |   640 |      0 |      0 |         34 |
|           (u_hls)                                                                       |                                                              ax7020_ps7_base_snn_axi_memory_window_0_0_hybrid_lif_head_q12_6 |       1626 |       1626 |       0 |    0 |     3 |      0 |      0 |          0 |
|           grp_run_hybrid_lif_head_fu_28                                                 |                                          ax7020_ps7_base_snn_axi_memory_window_0_0_hybrid_lif_head_q12_6_run_hybrid_lif_head |       6099 |       6063 |      20 |   16 |   637 |      0 |      0 |         34 |
|             (grp_run_hybrid_lif_head_fu_28)                                             |                                          ax7020_ps7_base_snn_axi_memory_window_0_0_hybrid_lif_head_q12_6_run_hybrid_lif_head |          5 |          5 |       0 |    0 |   140 |      0 |      0 |          0 |
|             grp_run_hybrid_lif_head_Pipeline_VITIS_LOOP_31_1_fu_365                     |                 ax7020_ps7_base_snn_axi_memory_window_0_0_hybrid_lif_head_q12_6_run_hybrid_lif_head_Pipeline_VITIS_LOOP_31_1 |         55 |         55 |       0 |    0 |     8 |      0 |      0 |          0 |
|               flow_control_loop_pipe_sequential_init_U                                  |                    ax7020_ps7_base_snn_axi_memory_window_0_0_hybrid_lif_head_q12_6_flow_control_loop_pipe_sequential_init_47 |         54 |         54 |       0 |    0 |     2 |      0 |      0 |          0 |
|             grp_run_hybrid_lif_head_Pipeline_VITIS_LOOP_36_2_VITIS_LOOP_37_3_fu_373     | ax7020_ps7_base_snn_axi_memory_window_0_0_hybrid_lif_head_q12_6_run_hybrid_lif_head_Pipeline_VITIS_LOOP_36_2_VITIS_LOOP_37_3 |       5060 |       5059 |       0 |    1 |    65 |      0 |      0 |          1 |
|               (grp_run_hybrid_lif_head_Pipeline_VITIS_LOOP_36_2_VITIS_LOOP_37_3_fu_373) | ax7020_ps7_base_snn_axi_memory_window_0_0_hybrid_lif_head_q12_6_run_hybrid_lif_head_Pipeline_VITIS_LOOP_36_2_VITIS_LOOP_37_3 |       5001 |       5000 |       0 |    1 |    63 |      0 |      0 |          0 |
|             grp_run_hybrid_lif_head_Pipeline_VITIS_LOOP_59_4_fu_382                     |                 ax7020_ps7_base_snn_axi_memory_window_0_0_hybrid_lif_head_q12_6_run_hybrid_lif_head_Pipeline_VITIS_LOOP_59_4 |        103 |         88 |       0 |   15 |    59 |      0 |      0 |          1 |
|               urem_8ns_3ns_2_12_1_U8                                                    |                                          ax7020_ps7_base_snn_axi_memory_window_0_0_hybrid_lif_head_q12_6_urem_8ns_3ns_2_12_1 |         73 |         67 |       0 |    6 |    26 |      0 |      0 |          0 |
|                 hybrid_lif_head_q12_6_urem_8ns_3ns_2_12_1_divider_u                     |                                  ax7020_ps7_base_snn_axi_memory_window_0_0_hybrid_lif_head_q12_6_urem_8ns_3ns_2_12_1_divider |         73 |         67 |       0 |    6 |    25 |      0 |      0 |          0 |
|             grp_run_hybrid_lif_head_Pipeline_VITIS_LOOP_66_5_fu_389                     |                 ax7020_ps7_base_snn_axi_memory_window_0_0_hybrid_lif_head_q12_6_run_hybrid_lif_head_Pipeline_VITIS_LOOP_66_5 |        845 |        845 |       0 |    0 |   351 |      0 |      0 |         32 |
|               (grp_run_hybrid_lif_head_Pipeline_VITIS_LOOP_66_5_fu_389)                 |                 ax7020_ps7_base_snn_axi_memory_window_0_0_hybrid_lif_head_q12_6_run_hybrid_lif_head_Pipeline_VITIS_LOOP_66_5 |        299 |        299 |       0 |    0 |   349 |      0 |      0 |          0 |
|               mac_muladd_12s_7ns_18s_19_4_1_U31                                         |                              ax7020_ps7_base_snn_axi_memory_window_0_0_hybrid_lif_head_q12_6_mac_muladd_12s_7ns_18s_19_4_1_0 |        386 |        386 |       0 |    0 |     0 |      0 |      0 |          1 |
|                 hybrid_lif_head_q12_6_mac_muladd_12s_7ns_18s_19_4_1_DSP48_0_U           |                     ax7020_ps7_base_snn_axi_memory_window_0_0_hybrid_lif_head_q12_6_mac_muladd_12s_7ns_18s_19_4_1_DSP48_0_43 |        386 |        386 |       0 |    0 |     0 |      0 |      0 |          1 |
|               mac_muladd_12s_7ns_18s_19_4_1_U45                                         |                             ax7020_ps7_base_snn_axi_memory_window_0_0_hybrid_lif_head_q12_6_mac_muladd_12s_7ns_18s_19_4_1_14 |         68 |         68 |       0 |    0 |     0 |      0 |      0 |          1 |
|                 hybrid_lif_head_q12_6_mac_muladd_12s_7ns_18s_19_4_1_DSP48_0_U           |                        ax7020_ps7_base_snn_axi_memory_window_0_0_hybrid_lif_head_q12_6_mac_muladd_12s_7ns_18s_19_4_1_DSP48_0 |         68 |         68 |       0 |    0 |     0 |      0 |      0 |          1 |
|     axi_interconnect_0                                                                  |                                                                                         ax7020_ps7_base_axi_interconnect_0_0 |        469 |        468 |       0 |    1 |   582 |      0 |      0 |          0 |
|       inst                                                                              |                                                                                 ax7020_ps7_base_axi_interconnect_0_0_bd_003b |        469 |        468 |       0 |    1 |   582 |      0 |      0 |          0 |
|         s00_entry_pipeline                                                              |                                                          ax7020_ps7_base_axi_interconnect_0_0_s00_entry_pipeline_imp_1MPYSPJ |        404 |        404 |       0 |    0 |   413 |      0 |      0 |          0 |
|           s00_mmu                                                                       |                                                                        ax7020_ps7_base_axi_interconnect_0_0_bd_003b_s00mmu_0 |        163 |        163 |       0 |    0 |   195 |      0 |      0 |          0 |
|             inst                                                                        |                                                                      ax7020_ps7_base_axi_interconnect_0_0_sc_mmu_v1_0_15_top |        163 |        163 |       0 |    0 |   195 |      0 |      0 |          0 |
|               gen_endpoint.decerr_slave_inst                                            |                                                             ax7020_ps7_base_axi_interconnect_0_0_sc_mmu_v1_0_15_decerr_slave |         54 |         54 |       0 |    0 |    41 |      0 |      0 |          0 |
|               ar_reg_stall                                                              |                                            ax7020_ps7_base_axi_interconnect_0_0_sc_util_v1_0_4_axi_reg_stall__parameterized0 |         43 |         43 |       0 |    0 |    68 |      0 |      0 |          0 |
|               aw_reg_stall                                                              |                                          ax7020_ps7_base_axi_interconnect_0_0_sc_util_v1_0_4_axi_reg_stall__parameterized0_7 |         45 |         45 |       0 |    0 |    68 |      0 |      0 |          0 |
|           s00_si_converter                                                              |                                                                        ax7020_ps7_base_axi_interconnect_0_0_bd_003b_s00sic_0 |        233 |        233 |       0 |    0 |   186 |      0 |      0 |          0 |
|             inst                                                                        |                                                             ax7020_ps7_base_axi_interconnect_0_0_sc_si_converter_v1_0_15_top |        233 |        233 |       0 |    0 |   186 |      0 |      0 |          0 |
|               gen_axilite_conv.axilite_conv_inst                                        |                                                    ax7020_ps7_base_axi_interconnect_0_0_sc_si_converter_v1_0_15_axilite_conv |        231 |        231 |       0 |    0 |   182 |      0 |      0 |          0 |
|         s00_nodes                                                                       |                                                                   ax7020_ps7_base_axi_interconnect_0_0_s00_nodes_imp_1IYUTOT |         45 |         45 |       0 |    0 |   130 |      0 |      0 |          0 |
+-----------------------------------------------------------------------------------------+------------------------------------------------------------------------------------------------------------------------------+------------+------------+---------+------+-------+--------+--------+------------+
* Note: The sum of lower-level cells may be larger than their parent cells total, due to cross-hierarchy LUT combining


