Copyright 1986-2022 Xilinx, Inc. All Rights Reserved. Copyright 2022-2025 Advanced Micro Devices, Inc. All Rights Reserved.
-----------------------------------------------------------------------------------------------------------------------------------------------
| Tool Version : Vivado v.2025.1 (win64) Build 6140274 Thu May 22 00:12:29 MDT 2025
| Date         : Tue Jul 28 16:34:38 2026
| Host         : mqy996 running 64-bit major release  (build 9200)
| Command      : report_timing_summary -file D:/eeg_fpga/snn_hybrid_eeg/vivado/system/smartconnect_snn_wrapper_50mhz_work_impl/timing_impl.rpt
| Design       : ax7020_ps7_base_wrapper
| Device       : 7z020-clg400
| Speed File   : -2  PRODUCTION 1.12 2019-11-22
| Design State : Routed
-----------------------------------------------------------------------------------------------------------------------------------------------

Timing Summary Report

------------------------------------------------------------------------------------------------
| Timer Settings
| --------------
------------------------------------------------------------------------------------------------

  Enable Multi Corner Analysis               :  Yes
  Enable Pessimism Removal                   :  Yes
  Pessimism Removal Resolution               :  Nearest Common Node
  Enable Input Delay Default Clock           :  No
  Enable Preset / Clear Arcs                 :  No
  Disable Flight Delays                      :  No
  Ignore I/O Paths                           :  No
  Timing Early Launch at Borrowing Latches   :  No
  Borrow Time for Max Delay Exceptions       :  Yes
  Merge Timing Exceptions                    :  Yes
  Inter-SLR Compensation                     :  Conservative

  Corner  Analyze    Analyze    
  Name    Max Paths  Min Paths  
  ------  ---------  ---------  
  Slow    Yes        Yes        
  Fast    Yes        Yes        


------------------------------------------------------------------------------------------------
| Report Methodology
| ------------------
------------------------------------------------------------------------------------------------

Rule      Severity  Description                                  Violations  
--------  --------  -------------------------------------------  ----------  
ULMTCS-1  Warning   Control Sets use limits recommend reduction  1           

Note: This report is based on the most recent report_methodology run and may not be up-to-date. Run report_methodology on the current design for the latest report.



check_timing report

Table of Contents
-----------------
1. checking no_clock (0)
2. checking constant_clock (0)
3. checking pulse_width_clock (0)
4. checking unconstrained_internal_endpoints (0)
5. checking no_input_delay (0)
6. checking no_output_delay (0)
7. checking multiple_clock (0)
8. checking generated_clocks (0)
9. checking loops (0)
10. checking partial_input_delay (0)
11. checking partial_output_delay (0)
12. checking latch_loops (0)

1. checking no_clock (0)
------------------------
 There are 0 register/latch pins with no clock.


2. checking constant_clock (0)
------------------------------
 There are 0 register/latch pins with constant_clock.


3. checking pulse_width_clock (0)
---------------------------------
 There are 0 register/latch pins which need pulse_width check


4. checking unconstrained_internal_endpoints (0)
------------------------------------------------
 There are 0 pins that are not constrained for maximum delay.

 There are 0 pins that are not constrained for maximum delay due to constant clock.


5. checking no_input_delay (0)
------------------------------
 There are 0 input ports with no input delay specified.

 There are 0 input ports with no input delay but user has a false path constraint.


6. checking no_output_delay (0)
-------------------------------
 There are 0 ports with no output delay specified.

 There are 0 ports with no output delay but user has a false path constraint

 There are 0 ports with no output delay but with a timing clock defined on it or propagating through it


7. checking multiple_clock (0)
------------------------------
 There are 0 register/latch pins with multiple clocks.


8. checking generated_clocks (0)
--------------------------------
 There are 0 generated clocks that are not connected to a clock source.


9. checking loops (0)
---------------------
 There are 0 combinational loops in the design.


10. checking partial_input_delay (0)
------------------------------------
 There are 0 input ports with partial input delay specified.


11. checking partial_output_delay (0)
-------------------------------------
 There are 0 ports with partial output delay specified.


12. checking latch_loops (0)
----------------------------
 There are 0 combinational latch loops in the design through latch input



------------------------------------------------------------------------------------------------
| Design Timing Summary
| ---------------------
------------------------------------------------------------------------------------------------

    WNS(ns)      TNS(ns)  TNS Failing Endpoints  TNS Total Endpoints      WHS(ns)      THS(ns)  THS Failing Endpoints  THS Total Endpoints     WPWS(ns)     TPWS(ns)  TPWS Failing Endpoints  TPWS Total Endpoints  
    -------      -------  ---------------------  -------------------      -------      -------  ---------------------  -------------------     --------     --------  ----------------------  --------------------  
      4.849        0.000                      0                64355        0.105        0.000                      0                64355        8.870        0.000                       0                 21464  


All user specified timing constraints are met.


------------------------------------------------------------------------------------------------
| Clock Summary
| -------------
------------------------------------------------------------------------------------------------

Clock       Waveform(ns)       Period(ns)      Frequency(MHz)
-----       ------------       ----------      --------------
clk_fpga_0  {0.000 10.000}     20.000          50.000          


------------------------------------------------------------------------------------------------
| Intra Clock Table
| -----------------
------------------------------------------------------------------------------------------------

Clock             WNS(ns)      TNS(ns)  TNS Failing Endpoints  TNS Total Endpoints      WHS(ns)      THS(ns)  THS Failing Endpoints  THS Total Endpoints     WPWS(ns)     TPWS(ns)  TPWS Failing Endpoints  TPWS Total Endpoints  
-----             -------      -------  ---------------------  -------------------      -------      -------  ---------------------  -------------------     --------     --------  ----------------------  --------------------  
clk_fpga_0          4.849        0.000                      0                64355        0.105        0.000                      0                64355        8.870        0.000                       0                 21464  


------------------------------------------------------------------------------------------------
| Inter Clock Table
| -----------------
------------------------------------------------------------------------------------------------

From Clock    To Clock          WNS(ns)      TNS(ns)  TNS Failing Endpoints  TNS Total Endpoints      WHS(ns)      THS(ns)  THS Failing Endpoints  THS Total Endpoints  
----------    --------          -------      -------  ---------------------  -------------------      -------      -------  ---------------------  -------------------  


------------------------------------------------------------------------------------------------
| Other Path Groups Table
| -----------------------
------------------------------------------------------------------------------------------------

Path Group    From Clock    To Clock          WNS(ns)      TNS(ns)  TNS Failing Endpoints  TNS Total Endpoints      WHS(ns)      THS(ns)  THS Failing Endpoints  THS Total Endpoints  
----------    ----------    --------          -------      -------  ---------------------  -------------------      -------      -------  ---------------------  -------------------  


------------------------------------------------------------------------------------------------
| Timing Details
| --------------
------------------------------------------------------------------------------------------------


---------------------------------------------------------------------------------------------------
From Clock:  clk_fpga_0
  To Clock:  clk_fpga_0

Setup :            0  Failing Endpoints,  Worst Slack        4.849ns,  Total Violation        0.000ns
Hold  :            0  Failing Endpoints,  Worst Slack        0.105ns,  Total Violation        0.000ns
PW    :            0  Failing Endpoints,  Worst Slack        8.870ns,  Total Violation        0.000ns
---------------------------------------------------------------------------------------------------


Max Delay Paths
--------------------------------------------------------------------------------------
Slack (MET) :             4.849ns  (required time - arrival time)
  Source:                 ax7020_ps7_base_i/snn_axi_memory_window_0/inst/feature_addr_q_reg[2]_rep__8/C
                            (rising edge-triggered cell FDRE clocked by clk_fpga_0  {rise@0.000ns fall@10.000ns period=20.000ns})
  Destination:            ax7020_ps7_base_i/snn_axi_memory_window_0/inst/u_hls/grp_run_hybrid_lif_head_fu_28/membrane_U/ram_reg_0_31_12_15/RAMB_D1/I
                            (rising edge-triggered cell RAMD32 clocked by clk_fpga_0  {rise@0.000ns fall@10.000ns period=20.000ns})
  Path Group:             clk_fpga_0
  Path Type:              Setup (Max at Slow Process Corner)
  Requirement:            20.000ns  (clk_fpga_0 rise@20.000ns - clk_fpga_0 rise@0.000ns)
  Data Path Delay:        14.585ns  (logic 3.195ns (21.907%)  route 11.390ns (78.093%))
  Logic Levels:           14  (CARRY4=3 LUT4=2 LUT5=1 LUT6=3 MUXF7=3 MUXF8=2)
  Clock Path Skew:        -0.075ns (DCD - SCD + CPR)
    Destination Clock Delay (DCD):    2.281ns = ( 22.281 - 20.000 ) 
    Source Clock Delay      (SCD):    2.453ns
    Clock Pessimism Removal (CPR):    0.097ns
  Clock Uncertainty:      0.302ns  ((TSJ^2 + TIJ^2)^1/2 + DJ) / 2 + PE
    Total System Jitter     (TSJ):    0.071ns
    Total Input Jitter      (TIJ):    0.600ns
    Discrete Jitter          (DJ):    0.000ns
    Phase Error              (PE):    0.000ns

    Location             Delay type                Incr(ns)  Path(ns)    Netlist Resource(s)
  -------------------------------------------------------------------    -------------------
                         (clock clk_fpga_0 rise edge)
                                                      0.000     0.000 r  
    PS7_X0Y0             PS7                          0.000     0.000 r  ax7020_ps7_base_i/processing_system7_0/inst/PS7_i/FCLKCLK[0]
                         net (fo=1, routed)           0.994     0.994    ax7020_ps7_base_i/processing_system7_0/inst/FCLK_CLK_unbuffered[0]
    BUFGCTRL_X0Y16       BUFG (Prop_bufg_I_O)         0.085     1.079 r  ax7020_ps7_base_i/processing_system7_0/inst/buffer_fclk_clk_0.FCLK_CLK_0_BUFG/O
                         net (fo=21465, routed)       1.374     2.453    ax7020_ps7_base_i/snn_axi_memory_window_0/inst/s_axi_aclk
    SLICE_X53Y87         FDRE                                         r  ax7020_ps7_base_i/snn_axi_memory_window_0/inst/feature_addr_q_reg[2]_rep__8/C
  -------------------------------------------------------------------    -------------------
    SLICE_X53Y87         FDRE (Prop_fdre_C_Q)         0.379     2.832 r  ax7020_ps7_base_i/snn_axi_memory_window_0/inst/feature_addr_q_reg[2]_rep__8/Q
                         net (fo=128, routed)         3.199     6.031    ax7020_ps7_base_i/snn_axi_memory_window_0/inst/u_hls/grp_run_hybrid_lif_head_fu_28/grp_run_hybrid_lif_head_Pipeline_VITIS_LOOP_36_2_VITIS_LOOP_37_3_fu_373/updated_fu_392_p2_carry__0_i_617_0
    SLICE_X96Y140        MUXF7 (Prop_muxf7_S_O)       0.259     6.290 r  ax7020_ps7_base_i/snn_axi_memory_window_0/inst/u_hls/grp_run_hybrid_lif_head_fu_28/grp_run_hybrid_lif_head_Pipeline_VITIS_LOOP_36_2_VITIS_LOOP_37_3_fu_373/updated_fu_392_p2_carry__0_i_1354/O
                         net (fo=1, routed)           0.000     6.290    ax7020_ps7_base_i/snn_axi_memory_window_0/inst/u_hls/grp_run_hybrid_lif_head_fu_28/grp_run_hybrid_lif_head_Pipeline_VITIS_LOOP_36_2_VITIS_LOOP_37_3_fu_373/updated_fu_392_p2_carry__0_i_1354_n_0
    SLICE_X96Y140        MUXF8 (Prop_muxf8_I0_O)      0.082     6.372 r  ax7020_ps7_base_i/snn_axi_memory_window_0/inst/u_hls/grp_run_hybrid_lif_head_fu_28/grp_run_hybrid_lif_head_Pipeline_VITIS_LOOP_36_2_VITIS_LOOP_37_3_fu_373/updated_fu_392_p2_carry__0_i_576/O
                         net (fo=1, routed)           1.435     7.807    ax7020_ps7_base_i/snn_axi_memory_window_0/inst/u_hls/grp_run_hybrid_lif_head_fu_28/grp_run_hybrid_lif_head_Pipeline_VITIS_LOOP_36_2_VITIS_LOOP_37_3_fu_373/updated_fu_392_p2_carry__0_i_576_n_0
    SLICE_X58Y136        LUT6 (Prop_lut6_I3_O)        0.259     8.066 r  ax7020_ps7_base_i/snn_axi_memory_window_0/inst/u_hls/grp_run_hybrid_lif_head_fu_28/grp_run_hybrid_lif_head_Pipeline_VITIS_LOOP_36_2_VITIS_LOOP_37_3_fu_373/updated_fu_392_p2_carry__0_i_216/O
                         net (fo=1, routed)           0.000     8.066    ax7020_ps7_base_i/snn_axi_memory_window_0/inst/u_hls/grp_run_hybrid_lif_head_fu_28/grp_run_hybrid_lif_head_Pipeline_VITIS_LOOP_36_2_VITIS_LOOP_37_3_fu_373/updated_fu_392_p2_carry__0_i_216_n_0
    SLICE_X58Y136        MUXF7 (Prop_muxf7_I0_O)      0.173     8.239 r  ax7020_ps7_base_i/snn_axi_memory_window_0/inst/u_hls/grp_run_hybrid_lif_head_fu_28/grp_run_hybrid_lif_head_Pipeline_VITIS_LOOP_36_2_VITIS_LOOP_37_3_fu_373/updated_fu_392_p2_carry__0_i_87/O
                         net (fo=1, routed)           0.000     8.239    ax7020_ps7_base_i/snn_axi_memory_window_0/inst/u_hls/grp_run_hybrid_lif_head_fu_28/grp_run_hybrid_lif_head_Pipeline_VITIS_LOOP_36_2_VITIS_LOOP_37_3_fu_373/updated_fu_392_p2_carry__0_i_87_n_0
    SLICE_X58Y136        MUXF8 (Prop_muxf8_I1_O)      0.074     8.313 r  ax7020_ps7_base_i/snn_axi_memory_window_0/inst/u_hls/grp_run_hybrid_lif_head_fu_28/grp_run_hybrid_lif_head_Pipeline_VITIS_LOOP_36_2_VITIS_LOOP_37_3_fu_373/updated_fu_392_p2_carry__0_i_34/O
                         net (fo=1, routed)           2.936    11.249    ax7020_ps7_base_i/snn_axi_memory_window_0/inst/u_hls/grp_run_hybrid_lif_head_fu_28/grp_run_hybrid_lif_head_Pipeline_VITIS_LOOP_36_2_VITIS_LOOP_37_3_fu_373/updated_fu_392_p2_carry__0_i_34_n_0
    SLICE_X57Y67         LUT6 (Prop_lut6_I0_O)        0.259    11.508 r  ax7020_ps7_base_i/snn_axi_memory_window_0/inst/u_hls/grp_run_hybrid_lif_head_fu_28/grp_run_hybrid_lif_head_Pipeline_VITIS_LOOP_36_2_VITIS_LOOP_37_3_fu_373/updated_fu_392_p2_carry__0_i_13/O
                         net (fo=1, routed)           0.000    11.508    ax7020_ps7_base_i/snn_axi_memory_window_0/inst/u_hls/grp_run_hybrid_lif_head_fu_28/grp_run_hybrid_lif_head_Pipeline_VITIS_LOOP_36_2_VITIS_LOOP_37_3_fu_373/updated_fu_392_p2_carry__0_i_13_n_0
    SLICE_X57Y67         MUXF7 (Prop_muxf7_I0_O)      0.178    11.686 r  ax7020_ps7_base_i/snn_axi_memory_window_0/inst/u_hls/grp_run_hybrid_lif_head_fu_28/grp_run_hybrid_lif_head_Pipeline_VITIS_LOOP_36_2_VITIS_LOOP_37_3_fu_373/updated_fu_392_p2_carry__0_i_3/O
                         net (fo=2, routed)           1.365    13.051    ax7020_ps7_base_i/snn_axi_memory_window_0/inst/u_hls/grp_run_hybrid_lif_head_fu_28/grp_run_hybrid_lif_head_Pipeline_VITIS_LOOP_36_2_VITIS_LOOP_37_3_fu_373/updated_fu_392_p2_carry__0_i_3_n_0
    SLICE_X57Y32         LUT4 (Prop_lut4_I3_O)        0.252    13.303 r  ax7020_ps7_base_i/snn_axi_memory_window_0/inst/u_hls/grp_run_hybrid_lif_head_fu_28/grp_run_hybrid_lif_head_Pipeline_VITIS_LOOP_36_2_VITIS_LOOP_37_3_fu_373/updated_fu_392_p2_carry__0_i_7/O
                         net (fo=1, routed)           0.000    13.303    ax7020_ps7_base_i/snn_axi_memory_window_0/inst/u_hls/grp_run_hybrid_lif_head_fu_28/grp_run_hybrid_lif_head_Pipeline_VITIS_LOOP_36_2_VITIS_LOOP_37_3_fu_373/updated_fu_392_p2_carry__0_i_7_n_0
    SLICE_X57Y32         CARRY4 (Prop_carry4_S[1]_CO[3])
                                                      0.457    13.760 r  ax7020_ps7_base_i/snn_axi_memory_window_0/inst/u_hls/grp_run_hybrid_lif_head_fu_28/grp_run_hybrid_lif_head_Pipeline_VITIS_LOOP_36_2_VITIS_LOOP_37_3_fu_373/updated_fu_392_p2_carry__0/CO[3]
                         net (fo=1, routed)           0.000    13.760    ax7020_ps7_base_i/snn_axi_memory_window_0/inst/u_hls/grp_run_hybrid_lif_head_fu_28/grp_run_hybrid_lif_head_Pipeline_VITIS_LOOP_36_2_VITIS_LOOP_37_3_fu_373/updated_fu_392_p2_carry__0_n_0
    SLICE_X57Y33         CARRY4 (Prop_carry4_CI_CO[3])
                                                      0.098    13.858 r  ax7020_ps7_base_i/snn_axi_memory_window_0/inst/u_hls/grp_run_hybrid_lif_head_fu_28/grp_run_hybrid_lif_head_Pipeline_VITIS_LOOP_36_2_VITIS_LOOP_37_3_fu_373/updated_fu_392_p2_carry__1/CO[3]
                         net (fo=1, routed)           0.000    13.858    ax7020_ps7_base_i/snn_axi_memory_window_0/inst/u_hls/grp_run_hybrid_lif_head_fu_28/grp_run_hybrid_lif_head_Pipeline_VITIS_LOOP_36_2_VITIS_LOOP_37_3_fu_373/updated_fu_392_p2_carry__1_n_0
    SLICE_X57Y34         CARRY4 (Prop_carry4_CI_O[1])
                                                      0.265    14.123 r  ax7020_ps7_base_i/snn_axi_memory_window_0/inst/u_hls/grp_run_hybrid_lif_head_fu_28/grp_run_hybrid_lif_head_Pipeline_VITIS_LOOP_36_2_VITIS_LOOP_37_3_fu_373/updated_fu_392_p2_carry__2/O[1]
                         net (fo=7, routed)           0.879    15.002    ax7020_ps7_base_i/snn_axi_memory_window_0/inst/u_hls/grp_run_hybrid_lif_head_fu_28/grp_run_hybrid_lif_head_Pipeline_VITIS_LOOP_36_2_VITIS_LOOP_37_3_fu_373/tmp_4_fu_399_p4[8]
    SLICE_X64Y32         LUT6 (Prop_lut6_I0_O)        0.250    15.252 r  ax7020_ps7_base_i/snn_axi_memory_window_0/inst/u_hls/grp_run_hybrid_lif_head_fu_28/grp_run_hybrid_lif_head_Pipeline_VITIS_LOOP_36_2_VITIS_LOOP_37_3_fu_373/icmp_ln46_reg_490[0]_i_2/O
                         net (fo=4, routed)           0.555    15.808    ax7020_ps7_base_i/snn_axi_memory_window_0/inst/u_hls/grp_run_hybrid_lif_head_fu_28/grp_run_hybrid_lif_head_Pipeline_VITIS_LOOP_36_2_VITIS_LOOP_37_3_fu_373/icmp_ln46_reg_490[0]_i_2_n_0
    SLICE_X64Y32         LUT5 (Prop_lut5_I0_O)        0.105    15.913 r  ax7020_ps7_base_i/snn_axi_memory_window_0/inst/u_hls/grp_run_hybrid_lif_head_fu_28/grp_run_hybrid_lif_head_Pipeline_VITIS_LOOP_36_2_VITIS_LOOP_37_3_fu_373/ram_reg_0_31_0_5_i_19/O
                         net (fo=2, routed)           0.561    16.474    ax7020_ps7_base_i/snn_axi_memory_window_0/inst/u_hls/grp_run_hybrid_lif_head_fu_28/grp_run_hybrid_lif_head_Pipeline_VITIS_LOOP_36_2_VITIS_LOOP_37_3_fu_373/ram_reg_0_31_0_5_i_19_n_0
    SLICE_X64Y32         LUT4 (Prop_lut4_I0_O)        0.105    16.579 r  ax7020_ps7_base_i/snn_axi_memory_window_0/inst/u_hls/grp_run_hybrid_lif_head_fu_28/grp_run_hybrid_lif_head_Pipeline_VITIS_LOOP_36_2_VITIS_LOOP_37_3_fu_373/ram_reg_0_31_12_15_i_3/O
                         net (fo=1, routed)           0.459    17.038    ax7020_ps7_base_i/snn_axi_memory_window_0/inst/u_hls/grp_run_hybrid_lif_head_fu_28/membrane_U/ram_reg_0_31_12_15/DIB1
    SLICE_X62Y33         RAMD32                                       r  ax7020_ps7_base_i/snn_axi_memory_window_0/inst/u_hls/grp_run_hybrid_lif_head_fu_28/membrane_U/ram_reg_0_31_12_15/RAMB_D1/I
  -------------------------------------------------------------------    -------------------

                         (clock clk_fpga_0 rise edge)
                                                     20.000    20.000 r  
    PS7_X0Y0             PS7                          0.000    20.000 r  ax7020_ps7_base_i/processing_system7_0/inst/PS7_i/FCLKCLK[0]
                         net (fo=1, routed)           0.905    20.906    ax7020_ps7_base_i/processing_system7_0/inst/FCLK_CLK_unbuffered[0]
    BUFGCTRL_X0Y16       BUFG (Prop_bufg_I_O)         0.077    20.983 r  ax7020_ps7_base_i/processing_system7_0/inst/buffer_fclk_clk_0.FCLK_CLK_0_BUFG/O
                         net (fo=21465, routed)       1.299    22.281    ax7020_ps7_base_i/snn_axi_memory_window_0/inst/u_hls/grp_run_hybrid_lif_head_fu_28/membrane_U/ram_reg_0_31_12_15/WCLK
    SLICE_X62Y33         RAMD32                                       r  ax7020_ps7_base_i/snn_axi_memory_window_0/inst/u_hls/grp_run_hybrid_lif_head_fu_28/membrane_U/ram_reg_0_31_12_15/RAMB_D1/CLK
                         clock pessimism              0.097    22.378    
                         clock uncertainty           -0.302    22.076    
    SLICE_X62Y33         RAMD32 (Setup_ramd32_CLK_I)
                                                     -0.189    21.887    ax7020_ps7_base_i/snn_axi_memory_window_0/inst/u_hls/grp_run_hybrid_lif_head_fu_28/membrane_U/ram_reg_0_31_12_15/RAMB_D1
  -------------------------------------------------------------------
                         required time                         21.887    
                         arrival time                         -17.038    
  -------------------------------------------------------------------
                         slack                                  4.849    





Min Delay Paths
--------------------------------------------------------------------------------------
Slack (MET) :             0.105ns  (arrival time - required time)
  Source:                 ax7020_ps7_base_i/axi_gpio_0/U0/gpio_core_1/Not_Dual.gpio_Data_Out_reg[23]/C
                            (rising edge-triggered cell FDRE clocked by clk_fpga_0  {rise@0.000ns fall@10.000ns period=20.000ns})
  Destination:            ax7020_ps7_base_i/axi_gpio_0/U0/gpio_core_1/Not_Dual.ALLOUT_ND.READ_REG_GEN[23].reg1_reg[23]/D
                            (rising edge-triggered cell FDRE clocked by clk_fpga_0  {rise@0.000ns fall@10.000ns period=20.000ns})
  Path Group:             clk_fpga_0
  Path Type:              Hold (Min at Fast Process Corner)
  Requirement:            0.000ns  (clk_fpga_0 rise@0.000ns - clk_fpga_0 rise@0.000ns)
  Data Path Delay:        0.194ns  (logic 0.141ns (72.513%)  route 0.053ns (27.487%))
  Logic Levels:           0  
  Clock Path Skew:        0.013ns (DCD - SCD - CPR)
    Destination Clock Delay (DCD):    1.184ns
    Source Clock Delay      (SCD):    0.888ns
    Clock Pessimism Removal (CPR):    0.283ns

    Location             Delay type                Incr(ns)  Path(ns)    Netlist Resource(s)
  -------------------------------------------------------------------    -------------------
                         (clock clk_fpga_0 rise edge)
                                                      0.000     0.000 r  
    PS7_X0Y0             PS7                          0.000     0.000 r  ax7020_ps7_base_i/processing_system7_0/inst/PS7_i/FCLKCLK[0]
                         net (fo=1, routed)           0.310     0.310    ax7020_ps7_base_i/processing_system7_0/inst/FCLK_CLK_unbuffered[0]
    BUFGCTRL_X0Y16       BUFG (Prop_bufg_I_O)         0.026     0.336 r  ax7020_ps7_base_i/processing_system7_0/inst/buffer_fclk_clk_0.FCLK_CLK_0_BUFG/O
                         net (fo=21465, routed)       0.552     0.888    ax7020_ps7_base_i/axi_gpio_0/U0/gpio_core_1/s_axi_aclk
    SLICE_X39Y84         FDRE                                         r  ax7020_ps7_base_i/axi_gpio_0/U0/gpio_core_1/Not_Dual.gpio_Data_Out_reg[23]/C
  -------------------------------------------------------------------    -------------------
    SLICE_X39Y84         FDRE (Prop_fdre_C_Q)         0.141     1.029 r  ax7020_ps7_base_i/axi_gpio_0/U0/gpio_core_1/Not_Dual.gpio_Data_Out_reg[23]/Q
                         net (fo=1, routed)           0.053     1.082    ax7020_ps7_base_i/axi_gpio_0/U0/gpio_core_1/gpio_io_o[8]
    SLICE_X38Y84         FDRE                                         r  ax7020_ps7_base_i/axi_gpio_0/U0/gpio_core_1/Not_Dual.ALLOUT_ND.READ_REG_GEN[23].reg1_reg[23]/D
  -------------------------------------------------------------------    -------------------

                         (clock clk_fpga_0 rise edge)
                                                      0.000     0.000 r  
    PS7_X0Y0             PS7                          0.000     0.000 r  ax7020_ps7_base_i/processing_system7_0/inst/PS7_i/FCLKCLK[0]
                         net (fo=1, routed)           0.337     0.337    ax7020_ps7_base_i/processing_system7_0/inst/FCLK_CLK_unbuffered[0]
    BUFGCTRL_X0Y16       BUFG (Prop_bufg_I_O)         0.029     0.366 r  ax7020_ps7_base_i/processing_system7_0/inst/buffer_fclk_clk_0.FCLK_CLK_0_BUFG/O
                         net (fo=21465, routed)       0.818     1.184    ax7020_ps7_base_i/axi_gpio_0/U0/gpio_core_1/s_axi_aclk
    SLICE_X38Y84         FDRE                                         r  ax7020_ps7_base_i/axi_gpio_0/U0/gpio_core_1/Not_Dual.ALLOUT_ND.READ_REG_GEN[23].reg1_reg[23]/C
                         clock pessimism             -0.283     0.901    
    SLICE_X38Y84         FDRE (Hold_fdre_C_D)         0.076     0.977    ax7020_ps7_base_i/axi_gpio_0/U0/gpio_core_1/Not_Dual.ALLOUT_ND.READ_REG_GEN[23].reg1_reg[23]
  -------------------------------------------------------------------
                         required time                         -0.977    
                         arrival time                           1.082    
  -------------------------------------------------------------------
                         slack                                  0.105    





Pulse Width Checks
--------------------------------------------------------------------------------------
Clock Name:         clk_fpga_0
Waveform(ns):       { 0.000 10.000 }
Period(ns):         20.000
Sources:            { ax7020_ps7_base_i/processing_system7_0/inst/PS7_i/FCLKCLK[0] }

Check Type        Corner  Lib Pin      Reference Pin  Required(ns)  Actual(ns)  Slack(ns)  Location      Pin
Min Period        n/a     DSP48E1/CLK  n/a            1.816         20.000      18.184     DSP48_X3Y10   ax7020_ps7_base_i/snn_axi_memory_window_0/inst/u_hls/grp_run_hybrid_lif_head_fu_28/grp_run_hybrid_lif_head_Pipeline_VITIS_LOOP_59_4_fu_382/trunc_ln_reg_207_reg/CLK
Low Pulse Width   Slow    RAMD32/CLK   n/a            1.130         10.000      8.870      SLICE_X62Y31  ax7020_ps7_base_i/snn_axi_memory_window_0/inst/u_hls/grp_run_hybrid_lif_head_fu_28/membrane_U/ram_reg_0_31_0_5/RAMA/CLK
High Pulse Width  Slow    RAMD32/CLK   n/a            1.130         10.000      8.870      SLICE_X62Y31  ax7020_ps7_base_i/snn_axi_memory_window_0/inst/u_hls/grp_run_hybrid_lif_head_fu_28/membrane_U/ram_reg_0_31_0_5/RAMA/CLK



