INFO: [VRFC 10-2263] Analyzing SystemVerilog file "D:/eeg_fpga/snn_hybrid_eeg/vivado/system/hls_rtl/board_target_50mhz/hybrid_lif_head_q12_6.v" into library work
INFO: [VRFC 10-311] analyzing module hybrid_lif_head_q12_6
INFO: [VRFC 10-2263] Analyzing SystemVerilog file "D:/eeg_fpga/snn_hybrid_eeg/vivado/system/hls_rtl/board_target_50mhz/hybrid_lif_head_q12_6_flow_control_loop_pipe_sequential_init.v" into library work
INFO: [VRFC 10-311] analyzing module hybrid_lif_head_q12_6_flow_control_loop_pipe_sequential_init
INFO: [VRFC 10-2263] Analyzing SystemVerilog file "D:/eeg_fpga/snn_hybrid_eeg/vivado/system/hls_rtl/board_target_50mhz/hybrid_lif_head_q12_6_mac_muladd_12s_7ns_18s_19_4_1.v" into library work
INFO: [VRFC 10-311] analyzing module hybrid_lif_head_q12_6_mac_muladd_12s_7ns_18s_19_4_1_DSP48_0
INFO: [VRFC 10-311] analyzing module hybrid_lif_head_q12_6_mac_muladd_12s_7ns_18s_19_4_1
INFO: [VRFC 10-2263] Analyzing SystemVerilog file "D:/eeg_fpga/snn_hybrid_eeg/vivado/system/hls_rtl/board_target_50mhz/hybrid_lif_head_q12_6_mul_12s_7ns_18_1_1.v" into library work
INFO: [VRFC 10-311] analyzing module hybrid_lif_head_q12_6_mul_12s_7ns_18_1_1
INFO: [VRFC 10-2263] Analyzing SystemVerilog file "D:/eeg_fpga/snn_hybrid_eeg/vivado/system/hls_rtl/board_target_50mhz/hybrid_lif_head_q12_6_mul_16s_7ns_22_1_1.v" into library work
INFO: [VRFC 10-311] analyzing module hybrid_lif_head_q12_6_mul_16s_7ns_22_1_1
INFO: [VRFC 10-2263] Analyzing SystemVerilog file "D:/eeg_fpga/snn_hybrid_eeg/vivado/system/hls_rtl/board_target_50mhz/hybrid_lif_head_q12_6_mul_8ns_10ns_17_1_1.v" into library work
INFO: [VRFC 10-311] analyzing module hybrid_lif_head_q12_6_mul_8ns_10ns_17_1_1
INFO: [VRFC 10-2263] Analyzing SystemVerilog file "D:/eeg_fpga/snn_hybrid_eeg/vivado/system/hls_rtl/board_target_50mhz/hybrid_lif_head_q12_6_run_hybrid_lif_head.v" into library work
INFO: [VRFC 10-311] analyzing module hybrid_lif_head_q12_6_run_hybrid_lif_head
INFO: [VRFC 10-2263] Analyzing SystemVerilog file "D:/eeg_fpga/snn_hybrid_eeg/vivado/system/hls_rtl/board_target_50mhz/hybrid_lif_head_q12_6_run_hybrid_lif_head_membrane_RAM_AUTO_1R1W.v" into library work
INFO: [VRFC 10-311] analyzing module hybrid_lif_head_q12_6_run_hybrid_lif_head_membrane_RAM_AUTO_1R1W
INFO: [VRFC 10-2263] Analyzing SystemVerilog file "D:/eeg_fpga/snn_hybrid_eeg/vivado/system/hls_rtl/board_target_50mhz/hybrid_lif_head_q12_6_run_hybrid_lif_head_Pipeline_VITIS_LOOP_31_1.v" into library work
INFO: [VRFC 10-311] analyzing module hybrid_lif_head_q12_6_run_hybrid_lif_head_Pipeline_VITIS_LOOP_31_1
INFO: [VRFC 10-2263] Analyzing SystemVerilog file "D:/eeg_fpga/snn_hybrid_eeg/vivado/system/hls_rtl/board_target_50mhz/hybrid_lif_head_q12_6_run_hybrid_lif_head_Pipeline_VITIS_LOOP_36_2_VITIS_LOOP_37_3.v" into library work
INFO: [VRFC 10-311] analyzing module hybrid_lif_head_q12_6_run_hybrid_lif_head_Pipeline_VITIS_LOOP_36_2_VITIS_LOOP_37_3
INFO: [VRFC 10-2263] Analyzing SystemVerilog file "D:/eeg_fpga/snn_hybrid_eeg/vivado/system/hls_rtl/board_target_50mhz/hybrid_lif_head_q12_6_run_hybrid_lif_head_Pipeline_VITIS_LOOP_59_4.v" into library work
INFO: [VRFC 10-311] analyzing module hybrid_lif_head_q12_6_run_hybrid_lif_head_Pipeline_VITIS_LOOP_59_4
INFO: [VRFC 10-2263] Analyzing SystemVerilog file "D:/eeg_fpga/snn_hybrid_eeg/vivado/system/hls_rtl/board_target_50mhz/hybrid_lif_head_q12_6_run_hybrid_lif_head_Pipeline_VITIS_LOOP_66_5.v" into library work
INFO: [VRFC 10-311] analyzing module hybrid_lif_head_q12_6_run_hybrid_lif_head_Pipeline_VITIS_LOOP_66_5
INFO: [VRFC 10-2263] Analyzing SystemVerilog file "D:/eeg_fpga/snn_hybrid_eeg/vivado/system/hls_rtl/board_target_50mhz/hybrid_lif_head_q12_6_run_hybrid_lif_head_rate_q_RAM_AUTO_1R1W.v" into library work
INFO: [VRFC 10-311] analyzing module hybrid_lif_head_q12_6_run_hybrid_lif_head_rate_q_RAM_AUTO_1R1W
INFO: [VRFC 10-2263] Analyzing SystemVerilog file "D:/eeg_fpga/snn_hybrid_eeg/vivado/system/hls_rtl/board_target_50mhz/hybrid_lif_head_q12_6_urem_8ns_3ns_2_12_1.v" into library work
INFO: [VRFC 10-311] analyzing module hybrid_lif_head_q12_6_urem_8ns_3ns_2_12_1_divider
INFO: [VRFC 10-311] analyzing module hybrid_lif_head_q12_6_urem_8ns_3ns_2_12_1
INFO: [VRFC 10-2263] Analyzing SystemVerilog file "D:/eeg_fpga/snn_hybrid_eeg/vivado/system/src/snn_axi_memory_window_hls6a.v" into library work
INFO: [VRFC 10-311] analyzing module snn_axi_memory_window_hls6a
INFO: [VRFC 10-2263] Analyzing SystemVerilog file "D:/eeg_fpga/snn_hybrid_eeg/vivado/system/tb/tb_snn_axi_memory_window_hls6a.sv" into library work
INFO: [VRFC 10-311] analyzing module tb_snn_axi_memory_window_hls6a
Vivado Simulator v2025.1.0
Copyright 1986-2022 Xilinx, Inc. All Rights Reserved.
Copyright 2022-2025 Advanced Micro Devices, Inc. All Rights Reserved.
Running: D:/vitis/2025.1/Vivado/bin/unwrapped/win64.o/xelab.exe -debug typical work.tb_snn_axi_memory_window_hls6a -s hls6b_wrapper_sim
Multi-threading is on. Using 14 slave threads.
Starting static elaboration
Pass Through NonSizing Optimizer
Completed static elaboration
Starting simulation data flow analysis
Completed simulation data flow analysis
Time Resolution for simulation is 1ps
Compiling module work.hybrid_lif_head_q12_6_run_hybrid...
Compiling module work.hybrid_lif_head_q12_6_run_hybrid...
Compiling module work.hybrid_lif_head_q12_6_flow_contr...
Compiling module work.hybrid_lif_head_q12_6_run_hybrid...
Compiling module work.hybrid_lif_head_q12_6_mul_16s_7n...
Compiling module work.hybrid_lif_head_q12_6_run_hybrid...
Compiling module work.hybrid_lif_head_q12_6_urem_8ns_3...
Compiling module work.hybrid_lif_head_q12_6_urem_8ns_3...
Compiling module work.hybrid_lif_head_q12_6_mul_8ns_10...
Compiling module work.hybrid_lif_head_q12_6_run_hybrid...
Compiling module work.hybrid_lif_head_q12_6_mul_12s_7n...
Compiling module work.hybrid_lif_head_q12_6_mac_muladd...
Compiling module work.hybrid_lif_head_q12_6_mac_muladd...
Compiling module work.hybrid_lif_head_q12_6_run_hybrid...
Compiling module work.hybrid_lif_head_q12_6_run_hybrid...
Compiling module work.hybrid_lif_head_q12_6
Compiling module work.snn_axi_memory_window_hls6a
Compiling module work.tb_snn_axi_memory_window_hls6a
Built simulation snapshot hls6b_wrapper_sim

****** xsim v2025.1 (64-bit)
  **** SW Build 6140274 on Thu May 22 00:12:29 MDT 2025
  **** IP Build 6138677 on Thu May 22 03:10:11 MDT 2025
  **** SharedData Build 6139179 on Tue May 20 17:58:58 MDT 2025
  **** Start of session at: Tue Jul 28 18:25:35 2026
    ** Copyright 1986-2022 Xilinx, Inc. All Rights Reserved.
    ** Copyright 2022-2025 Advanced Micro Devices, Inc. All Rights Reserved.

source xsim.dir/hls6b_wrapper_sim/xsim_script.tcl
# xsim {hls6b_wrapper_sim} -autoloadwcfg -runall
Time resolution is 1 ps
run -all
INFO: loading case threshold_edge
LOGIT case=threshold_edge run=1 idx=0 actual=ffffff8c expected=ffffff8c raw=3ff8c
LOGIT case=threshold_edge run=1 idx=1 actual=00000078 expected=00000078 raw=00078
CASE threshold_edge run=1 write_transactions=3246 read_transactions=594 kernel_cycles=1679 polls=558
LOGIT case=threshold_edge run=2 idx=0 actual=ffffff8c expected=ffffff8c raw=3ff8c
LOGIT case=threshold_edge run=2 idx=1 actual=00000078 expected=00000078 raw=00078
CASE threshold_edge run=2 write_transactions=36 read_transactions=596 kernel_cycles=1679 polls=561
INFO: loading case signed_currents
LOGIT case=signed_currents run=1 idx=0 actual=00000480 expected=00000480 raw=00480
LOGIT case=signed_currents run=1 idx=1 actual=fffffb8a expected=fffffb8a raw=3fb8a
CASE signed_currents run=1 write_transactions=3244 read_transactions=593 kernel_cycles=1679 polls=558
LOGIT case=signed_currents run=2 idx=0 actual=00000480 expected=00000480 raw=00480
LOGIT case=signed_currents run=2 idx=1 actual=fffffb8a expected=fffffb8a raw=3fb8a
CASE signed_currents run=2 write_transactions=36 read_transactions=596 kernel_cycles=1679 polls=561
INFO: loading case rounding_and_reset
LOGIT case=rounding_and_reset run=1 idx=0 actual=fffffffc expected=fffffffc raw=3fffc
LOGIT case=rounding_and_reset run=1 idx=1 actual=00000010 expected=00000010 raw=00010
CASE rounding_and_reset run=1 write_transactions=3244 read_transactions=593 kernel_cycles=1679 polls=558
LOGIT case=rounding_and_reset run=2 idx=0 actual=fffffffc expected=fffffffc raw=3fffc
LOGIT case=rounding_and_reset run=2 idx=1 actual=00000010 expected=00000010 raw=00010
CASE rounding_and_reset run=2 write_transactions=36 read_transactions=596 kernel_cycles=1679 polls=561
SNN AXI memory-window 3-case simulation PASS writes=9852 reads=3582
$finish called at time : 806600 ns : File "D:/eeg_fpga/snn_hybrid_eeg/vivado/system/tb/tb_snn_axi_memory_window_hls6a.sv" Line 362
exit
INFO: [Common 17-206] Exiting xsim at Tue Jul 28 18:25:37 2026...
