XSCT_STDOUT

****** Software Commandline Tool (XSCT) v2025.1.0
  **** SW Build 6140146 on Wed May 21 17:48:38 MDT 2025
    ** Copyright 1986-2022 Xilinx, Inc. All Rights Reserved.
    ** Copyright 2022-2025 Advanced Micro Devices, Inc. All Rights Reserved.


Warning: XSCT is deprecated and will be removed in future releases.
We recommend using the new Python command-line tool for project management and debugging:
- Run "vitis -i" for interactive mode.
- Run "vitis -s <script>" for script mode.
FPGA_PROGRAMMED
ELF_DOWNLOADED=D:/eeg_fpga/snn_hybrid_eeg/vivado/system/artifacts/smartconnect_snn_wrapper_50mhz/hls6d_board_diag/hls6d_diag_app_20260728.elf
CPU_RUN_WINDOW_COMPLETE

XSCT_STDERR

SERIAL_COM5
HLS6D_DIAG_START

GPIO_READ_BEGIN addr=0x41200000

GPIO_READ_DONE value=0x00000000

SNN_VERSION_BEGIN addr=0x43C00008

SNN_VERSION_DONE value=0x00010001 expected=0x00010001

SNN_STATUS_BEGIN addr=0x43C00004

SNN_STATUS_DONE value=0x00000001

HLS6D_DIAG_COMPLETE gpio=0x00000000 version=0x00010001 status=0x00000001
