SMARTCONNECT_AB_REPLAY_UTC=2026-07-28T03:31:47Z
XSDB_RETURN=0
XSDB_STDOUT
INFO: [Hsi 55-2053] elapsed time for repository (D:/vitis/2025.1/Vivado/data/embeddedsw) loading 1 seconds
SMARTCONNECT_AB_PS7_INITIALIZED
SMARTCONNECT_AB_FSBL_DOWNLOADED
SMARTCONNECT_AB_FSBL_CONTINUED
SMARTCONNECT_AB_FSBL_STOPPED
SMARTCONNECT_AB_XGPIO_ELF_DOWNLOADED
SMARTCONNECT_AB_CPU_CONTINUED
SMARTCONNECT_AB_CPU_STOPPED

SERIAL_COM5
BOOT_XGPIO
UART_OK
XGPIO_BASE=0x41200000
XGPIO_INIT_BEGIN
XGPIO_INIT_STATUS=0
XGPIO_INIT_DONE
XGPIO_DIR_BEGIN
XGPIO_DIR_DONE
XGPIO_WRITE_BEGIN
XGPIO_WRITE_DONE
XGPIO_READ_BEGIN
XGPIO_READ_VALUE=0x12345678
XGPIO_READ_DONE
XGPIO_RESULT=PASS
DONE

