
****** Vivado v2025.1 (64-bit)
  **** SW Build 6140274 on Thu May 22 00:12:29 MDT 2025
  **** IP Build 6138677 on Thu May 22 03:10:11 MDT 2025
  **** SharedData Build 6139179 on Tue May 20 17:58:58 MDT 2025
  **** Start of session at: Tue Jul 28 19:41:05 2026
    ** Copyright 1986-2022 Xilinx, Inc. All Rights Reserved.
    ** Copyright 2022-2025 Advanced Micro Devices, Inc. All Rights Reserved.

source {D:\eeg_fpga\snn_hybrid_eeg\vivado\system\vitis\hls6d_board_diag\scripts\program_existing_hls6b.tcl}
# set bit [file normalize [lindex $argv 0]]
# if {![file exists $bit]} { error "Missing bitstream: $bit" }
# open_hw_manager
open_hw_manager: Time (s): cpu = 00:00:12 ; elapsed = 00:00:15 . Memory (MB): peak = 517.531 ; gain = 216.105
# connect_hw_server -url localhost:3121
INFO: [Labtools 27-2285] Connecting to hw_server url TCP:localhost:3121
INFO: [Labtools 27-3415] Connecting to cs_server url TCP:localhost:0
INFO: [Labtools 27-3417] Launching cs_server...
INFO: [Labtools 27-2221] Launch Output:


******** Xilinx cs_server v2025.1.0
  ****** Build date   : May 14 2025-03:15:27
    **** Build number : 2025.1.1747163727
      ** Copyright 2017-2022 Xilinx, Inc. All Rights Reserved.
      ** Copyright 2022-2026 Advanced Micro Devices, Inc. All Rights Reserved.



connect_hw_server: Time (s): cpu = 00:00:00 ; elapsed = 00:00:06 . Memory (MB): peak = 521.438 ; gain = 3.906
# set target [lindex [get_hw_targets] 0]
# open_hw_target $target
INFO: [Labtoolstcl 44-466] Opening hw_target localhost:3121/xilinx_tcf/Digilent/210512180081
open_hw_target: Time (s): cpu = 00:00:00 ; elapsed = 00:00:07 . Memory (MB): peak = 523.770 ; gain = 2.332
# set dev [lindex [get_hw_devices -quiet xc7z020_1] 0]
# if {$dev eq ""} { error "xc7z020_1 not found" }
# puts "HLS6D_PROGRAM_DEVICE=[get_property NAME $dev] PART=[get_property PART $dev]"
HLS6D_PROGRAM_DEVICE=xc7z020_1 PART=xc7z020
# set_property PROGRAM.FILE $bit $dev
# program_hw_devices $dev
INFO: [Labtools 27-3164] End of startup status: HIGH
# refresh_hw_device $dev
INFO: [Labtools 27-1434] Device xc7z020 (JTAG device index = 1) is programmed with a design that has no supported debug core(s) in it.
# puts "HLS6D_PROGRAM_RESULT=PASS"
HLS6D_PROGRAM_RESULT=PASS
# close_hw_target
INFO: [Labtoolstcl 44-464] Closing hw_target localhost:3121/xilinx_tcf/Digilent/210512180081
# disconnect_hw_server
# close_hw_manager
# exit
INFO: [Common 17-206] Exiting Vivado at Tue Jul 28 19:41:54 2026...
